WARNING legalbench_map.cli: candidate module /Users/vasyl/zadumai/legalbench_map/candidates/_embed_common.py exposes neither CANDIDATES nor NAME+fit_predict_proba -- skipping
INFO httpx: HTTP Request: HEAD https://huggingface.co/datasets/nguha/legalbench/resolve/main/README.md "HTTP/1.1 307 Temporary Redirect"
INFO httpx: HTTP Request: HEAD https://huggingface.co/api/resolve-cache/datasets/nguha/legalbench/daec8237410aa23e3faf4bc41ad8b3a7e1696826/README.md?%2Fdatasets%2Fnguha%2Flegalbench%2Fresolve%2Fmain%2FREADME.md=&etag=%229eceed7949ad880f7bfd78b50a27a6a98d22ba4b%22 "HTTP/1.1 200 OK"
INFO httpx: HTTP Request: HEAD https://huggingface.co/datasets/nguha/legalbench/resolve/daec8237410aa23e3faf4bc41ad8b3a7e1696826/legalbench.py "HTTP/1.1 404 Not Found"
INFO httpx: HTTP Request: HEAD https://s3.amazonaws.com/datasets.huggingface.co/datasets/datasets/nguha/legalbench/nguha/legalbench.py "HTTP/1.1 404 Not Found"
INFO httpx: HTTP Request: GET https://huggingface.co/api/datasets/nguha/legalbench/revision/daec8237410aa23e3faf4bc41ad8b3a7e1696826 "HTTP/1.1 200 OK"
INFO httpx: HTTP Request: HEAD https://huggingface.co/datasets/nguha/legalbench/resolve/daec8237410aa23e3faf4bc41ad8b3a7e1696826/.huggingface.yaml "HTTP/1.1 404 Not Found"
INFO httpx: HTTP Request: GET https://datasets-server.huggingface.co/info?dataset=nguha/legalbench "HTTP/1.1 200 OK"
INFO httpx: HTTP Request: GET https://huggingface.co/api/datasets/nguha/legalbench/tree/daec8237410aa23e3faf4bc41ad8b3a7e1696826/data%2Fabercrombie?recursive=false&expand=false "HTTP/1.1 200 OK"
INFO httpx: HTTP Request: HEAD https://huggingface.co/datasets/nguha/legalbench/resolve/daec8237410aa23e3faf4bc41ad8b3a7e1696826/dataset_infos.json "HTTP/1.1 404 Not Found"
INFO httpx: HTTP Request: GET https://huggingface.co/api/datasets/nguha/legalbench/tree/daec8237410aa23e3faf4bc41ad8b3a7e1696826/data%2Fdiversity_1?recursive=false&expand=false "HTTP/1.1 200 OK"
INFO httpx: HTTP Request: HEAD https://huggingface.co/BAAI/bge-small-en-v1.5/resolve/main/modules.json "HTTP/1.1 307 Temporary Redirect"
INFO httpx: HTTP Request: HEAD https://huggingface.co/api/resolve-cache/models/BAAI/bge-small-en-v1.5/5c38ec7c405ec4b44b94cc5a9bb96e735b38267a/modules.json?%2FBAAI%2Fbge-small-en-v1.5%2Fresolve%2Fmain%2Fmodules.json=&etag=%22952a9b81c0bfd99800fabf352f69c7ccd46c5e43%22 "HTTP/1.1 200 OK"
INFO httpx: HTTP Request: HEAD https://huggingface.co/BAAI/bge-small-en-v1.5/resolve/main/config_sentence_transformers.json "HTTP/1.1 307 Temporary Redirect"
INFO httpx: HTTP Request: HEAD https://huggingface.co/api/resolve-cache/models/BAAI/bge-small-en-v1.5/5c38ec7c405ec4b44b94cc5a9bb96e735b38267a/config_sentence_transformers.json?%2FBAAI%2Fbge-small-en-v1.5%2Fresolve%2Fmain%2Fconfig_sentence_transformers.json=&etag=%22dcb0c0d97d09b930d13600b1a773ddb27e441aab%22 "HTTP/1.1 200 OK"
INFO sentence_transformers.base.model: Loading SentenceTransformer model from BAAI/bge-small-en-v1.5.
INFO httpx: HTTP Request: HEAD https://huggingface.co/BAAI/bge-small-en-v1.5/resolve/main/config_sentence_transformers.json "HTTP/1.1 307 Temporary Redirect"
INFO httpx: HTTP Request: HEAD https://huggingface.co/api/resolve-cache/models/BAAI/bge-small-en-v1.5/5c38ec7c405ec4b44b94cc5a9bb96e735b38267a/config_sentence_transformers.json?%2FBAAI%2Fbge-small-en-v1.5%2Fresolve%2Fmain%2Fconfig_sentence_transformers.json=&etag=%22dcb0c0d97d09b930d13600b1a773ddb27e441aab%22 "HTTP/1.1 200 OK"
INFO httpx: HTTP Request: HEAD https://huggingface.co/BAAI/bge-small-en-v1.5/resolve/main/README.md "HTTP/1.1 307 Temporary Redirect"
INFO httpx: HTTP Request: HEAD https://huggingface.co/api/resolve-cache/models/BAAI/bge-small-en-v1.5/5c38ec7c405ec4b44b94cc5a9bb96e735b38267a/README.md?%2FBAAI%2Fbge-small-en-v1.5%2Fresolve%2Fmain%2FREADME.md=&etag=%228b8567d75ffa619486d9590cb0eb76d66ad46c49%22 "HTTP/1.1 200 OK"
INFO httpx: HTTP Request: HEAD https://huggingface.co/BAAI/bge-small-en-v1.5/resolve/main/modules.json "HTTP/1.1 307 Temporary Redirect"
INFO httpx: HTTP Request: HEAD https://huggingface.co/api/resolve-cache/models/BAAI/bge-small-en-v1.5/5c38ec7c405ec4b44b94cc5a9bb96e735b38267a/modules.json?%2FBAAI%2Fbge-small-en-v1.5%2Fresolve%2Fmain%2Fmodules.json=&etag=%22952a9b81c0bfd99800fabf352f69c7ccd46c5e43%22 "HTTP/1.1 200 OK"
INFO httpx: HTTP Request: HEAD https://huggingface.co/BAAI/bge-small-en-v1.5/resolve/main/sentence_bert_config.json "HTTP/1.1 307 Temporary Redirect"
INFO httpx: HTTP Request: HEAD https://huggingface.co/api/resolve-cache/models/BAAI/bge-small-en-v1.5/5c38ec7c405ec4b44b94cc5a9bb96e735b38267a/sentence_bert_config.json?%2FBAAI%2Fbge-small-en-v1.5%2Fresolve%2Fmain%2Fsentence_bert_config.json=&etag=%22ea85692bff64b0d1917833c31ddbca8ab10f5455%22 "HTTP/1.1 200 OK"
INFO httpx: HTTP Request: HEAD https://huggingface.co/BAAI/bge-small-en-v1.5/resolve/main/adapter_config.json "HTTP/1.1 404 Not Found"
INFO httpx: HTTP Request: HEAD https://huggingface.co/BAAI/bge-small-en-v1.5/resolve/main/config.json "HTTP/1.1 307 Temporary Redirect"
INFO httpx: HTTP Request: HEAD https://huggingface.co/api/resolve-cache/models/BAAI/bge-small-en-v1.5/5c38ec7c405ec4b44b94cc5a9bb96e735b38267a/config.json?%2FBAAI%2Fbge-small-en-v1.5%2Fresolve%2Fmain%2Fconfig.json=&etag=%223992bf890728a92476c700e6e657fd696eb94160%22 "HTTP/1.1 200 OK"
Loading weights:   0%|          | 0/199 [00:00<?, ?it/s]Loading weights: 100%|██████████| 199/199 [00:00<00:00, 9247.66it/s]
INFO httpx: HTTP Request: HEAD https://huggingface.co/BAAI/bge-small-en-v1.5/resolve/main/processor_config.json "HTTP/1.1 404 Not Found"
INFO httpx: HTTP Request: HEAD https://huggingface.co/BAAI/bge-small-en-v1.5/resolve/main/preprocessor_config.json "HTTP/1.1 404 Not Found"
INFO httpx: HTTP Request: HEAD https://huggingface.co/BAAI/bge-small-en-v1.5/resolve/main/video_preprocessor_config.json "HTTP/1.1 404 Not Found"
INFO httpx: HTTP Request: HEAD https://huggingface.co/BAAI/bge-small-en-v1.5/resolve/main/preprocessor_config.json "HTTP/1.1 404 Not Found"
INFO httpx: HTTP Request: HEAD https://huggingface.co/BAAI/bge-small-en-v1.5/resolve/main/tokenizer_config.json "HTTP/1.1 307 Temporary Redirect"
INFO httpx: HTTP Request: HEAD https://huggingface.co/api/resolve-cache/models/BAAI/bge-small-en-v1.5/5c38ec7c405ec4b44b94cc5a9bb96e735b38267a/tokenizer_config.json?%2FBAAI%2Fbge-small-en-v1.5%2Fresolve%2Fmain%2Ftokenizer_config.json=&etag=%2237fca74771bc76a8e01178ce3a6055a0995f8093%22 "HTTP/1.1 200 OK"
INFO httpx: HTTP Request: HEAD https://huggingface.co/BAAI/bge-small-en-v1.5/resolve/main/config.json "HTTP/1.1 307 Temporary Redirect"
INFO httpx: HTTP Request: HEAD https://huggingface.co/api/resolve-cache/models/BAAI/bge-small-en-v1.5/5c38ec7c405ec4b44b94cc5a9bb96e735b38267a/config.json?%2FBAAI%2Fbge-small-en-v1.5%2Fresolve%2Fmain%2Fconfig.json=&etag=%223992bf890728a92476c700e6e657fd696eb94160%22 "HTTP/1.1 200 OK"
INFO httpx: HTTP Request: HEAD https://huggingface.co/BAAI/bge-small-en-v1.5/resolve/main/config.json "HTTP/1.1 307 Temporary Redirect"
INFO httpx: HTTP Request: HEAD https://huggingface.co/api/resolve-cache/models/BAAI/bge-small-en-v1.5/5c38ec7c405ec4b44b94cc5a9bb96e735b38267a/config.json?%2FBAAI%2Fbge-small-en-v1.5%2Fresolve%2Fmain%2Fconfig.json=&etag=%223992bf890728a92476c700e6e657fd696eb94160%22 "HTTP/1.1 200 OK"
INFO httpx: HTTP Request: HEAD https://huggingface.co/BAAI/bge-small-en-v1.5/resolve/main/tokenizer_config.json "HTTP/1.1 307 Temporary Redirect"
INFO httpx: HTTP Request: HEAD https://huggingface.co/api/resolve-cache/models/BAAI/bge-small-en-v1.5/5c38ec7c405ec4b44b94cc5a9bb96e735b38267a/tokenizer_config.json?%2FBAAI%2Fbge-small-en-v1.5%2Fresolve%2Fmain%2Ftokenizer_config.json=&etag=%2237fca74771bc76a8e01178ce3a6055a0995f8093%22 "HTTP/1.1 200 OK"
INFO httpx: HTTP Request: GET https://huggingface.co/api/models/BAAI/bge-small-en-v1.5/tree/main/additional_chat_templates?recursive=false&expand=false "HTTP/1.1 404 Not Found"
INFO httpx: HTTP Request: GET https://huggingface.co/api/models/BAAI/bge-small-en-v1.5/tree/main?recursive=true&expand=false "HTTP/1.1 200 OK"
INFO httpx: HTTP Request: HEAD https://huggingface.co/BAAI/bge-small-en-v1.5/resolve/main/1_Pooling/config.json "HTTP/1.1 307 Temporary Redirect"
INFO httpx: HTTP Request: HEAD https://huggingface.co/api/resolve-cache/models/BAAI/bge-small-en-v1.5/5c38ec7c405ec4b44b94cc5a9bb96e735b38267a/1_Pooling%2Fconfig.json?%2FBAAI%2Fbge-small-en-v1.5%2Fresolve%2Fmain%2F1_Pooling%2Fconfig.json=&etag=%221da070f0993788c8851a652170ff013aa54dd519%22 "HTTP/1.1 200 OK"
INFO httpx: HTTP Request: HEAD https://huggingface.co/BAAI/bge-small-en-v1.5/resolve/main/2_Normalize/config.json "HTTP/1.1 404 Not Found"
INFO httpx: HTTP Request: GET https://huggingface.co/api/models/BAAI/bge-small-en-v1.5 "HTTP/1.1 200 OK"
INFO httpx: HTTP Request: HEAD https://huggingface.co/BAAI/bge-base-en-v1.5/resolve/main/modules.json "HTTP/1.1 307 Temporary Redirect"
INFO httpx: HTTP Request: HEAD https://huggingface.co/api/resolve-cache/models/BAAI/bge-base-en-v1.5/a5beb1e3e68b9ab74eb54cfd186867f64f240e1a/modules.json?%2FBAAI%2Fbge-base-en-v1.5%2Fresolve%2Fmain%2Fmodules.json=&etag=%22952a9b81c0bfd99800fabf352f69c7ccd46c5e43%22 "HTTP/1.1 200 OK"
INFO httpx: HTTP Request: HEAD https://huggingface.co/BAAI/bge-base-en-v1.5/resolve/main/config_sentence_transformers.json "HTTP/1.1 307 Temporary Redirect"
INFO httpx: HTTP Request: HEAD https://huggingface.co/api/resolve-cache/models/BAAI/bge-base-en-v1.5/a5beb1e3e68b9ab74eb54cfd186867f64f240e1a/config_sentence_transformers.json?%2FBAAI%2Fbge-base-en-v1.5%2Fresolve%2Fmain%2Fconfig_sentence_transformers.json=&etag=%22dcb0c0d97d09b930d13600b1a773ddb27e441aab%22 "HTTP/1.1 200 OK"
INFO sentence_transformers.base.model: Loading SentenceTransformer model from BAAI/bge-base-en-v1.5.
INFO httpx: HTTP Request: HEAD https://huggingface.co/BAAI/bge-base-en-v1.5/resolve/main/config_sentence_transformers.json "HTTP/1.1 307 Temporary Redirect"
INFO httpx: HTTP Request: HEAD https://huggingface.co/api/resolve-cache/models/BAAI/bge-base-en-v1.5/a5beb1e3e68b9ab74eb54cfd186867f64f240e1a/config_sentence_transformers.json?%2FBAAI%2Fbge-base-en-v1.5%2Fresolve%2Fmain%2Fconfig_sentence_transformers.json=&etag=%22dcb0c0d97d09b930d13600b1a773ddb27e441aab%22 "HTTP/1.1 200 OK"
INFO httpx: HTTP Request: HEAD https://huggingface.co/BAAI/bge-base-en-v1.5/resolve/main/README.md "HTTP/1.1 307 Temporary Redirect"
INFO httpx: HTTP Request: HEAD https://huggingface.co/api/resolve-cache/models/BAAI/bge-base-en-v1.5/a5beb1e3e68b9ab74eb54cfd186867f64f240e1a/README.md?%2FBAAI%2Fbge-base-en-v1.5%2Fresolve%2Fmain%2FREADME.md=&etag=%2258b129f71f56062384cdc8e704480a73ed38d03f%22 "HTTP/1.1 200 OK"
INFO httpx: HTTP Request: HEAD https://huggingface.co/BAAI/bge-base-en-v1.5/resolve/main/modules.json "HTTP/1.1 307 Temporary Redirect"
INFO httpx: HTTP Request: HEAD https://huggingface.co/api/resolve-cache/models/BAAI/bge-base-en-v1.5/a5beb1e3e68b9ab74eb54cfd186867f64f240e1a/modules.json?%2FBAAI%2Fbge-base-en-v1.5%2Fresolve%2Fmain%2Fmodules.json=&etag=%22952a9b81c0bfd99800fabf352f69c7ccd46c5e43%22 "HTTP/1.1 200 OK"
INFO httpx: HTTP Request: HEAD https://huggingface.co/BAAI/bge-base-en-v1.5/resolve/main/sentence_bert_config.json "HTTP/1.1 307 Temporary Redirect"
INFO httpx: HTTP Request: HEAD https://huggingface.co/api/resolve-cache/models/BAAI/bge-base-en-v1.5/a5beb1e3e68b9ab74eb54cfd186867f64f240e1a/sentence_bert_config.json?%2FBAAI%2Fbge-base-en-v1.5%2Fresolve%2Fmain%2Fsentence_bert_config.json=&etag=%22ea85692bff64b0d1917833c31ddbca8ab10f5455%22 "HTTP/1.1 200 OK"
INFO httpx: HTTP Request: HEAD https://huggingface.co/BAAI/bge-base-en-v1.5/resolve/main/adapter_config.json "HTTP/1.1 404 Not Found"
INFO httpx: HTTP Request: HEAD https://huggingface.co/BAAI/bge-base-en-v1.5/resolve/main/config.json "HTTP/1.1 307 Temporary Redirect"
INFO httpx: HTTP Request: HEAD https://huggingface.co/api/resolve-cache/models/BAAI/bge-base-en-v1.5/a5beb1e3e68b9ab74eb54cfd186867f64f240e1a/config.json?%2FBAAI%2Fbge-base-en-v1.5%2Fresolve%2Fmain%2Fconfig.json=&etag=%2209a8200d8a549a3b9dba53b67156ca26810cc720%22 "HTTP/1.1 200 OK"
Loading weights:   0%|          | 0/199 [00:00<?, ?it/s]Loading weights: 100%|██████████| 199/199 [00:00<00:00, 6929.68it/s]
INFO httpx: HTTP Request: HEAD https://huggingface.co/BAAI/bge-base-en-v1.5/resolve/main/processor_config.json "HTTP/1.1 404 Not Found"
INFO httpx: HTTP Request: HEAD https://huggingface.co/BAAI/bge-base-en-v1.5/resolve/main/preprocessor_config.json "HTTP/1.1 404 Not Found"
INFO httpx: HTTP Request: HEAD https://huggingface.co/BAAI/bge-base-en-v1.5/resolve/main/video_preprocessor_config.json "HTTP/1.1 404 Not Found"
INFO httpx: HTTP Request: HEAD https://huggingface.co/BAAI/bge-base-en-v1.5/resolve/main/preprocessor_config.json "HTTP/1.1 404 Not Found"
INFO httpx: HTTP Request: HEAD https://huggingface.co/BAAI/bge-base-en-v1.5/resolve/main/tokenizer_config.json "HTTP/1.1 307 Temporary Redirect"
INFO httpx: HTTP Request: HEAD https://huggingface.co/api/resolve-cache/models/BAAI/bge-base-en-v1.5/a5beb1e3e68b9ab74eb54cfd186867f64f240e1a/tokenizer_config.json?%2FBAAI%2Fbge-base-en-v1.5%2Fresolve%2Fmain%2Ftokenizer_config.json=&etag=%2237fca74771bc76a8e01178ce3a6055a0995f8093%22 "HTTP/1.1 200 OK"
INFO httpx: HTTP Request: HEAD https://huggingface.co/BAAI/bge-base-en-v1.5/resolve/main/config.json "HTTP/1.1 307 Temporary Redirect"
INFO httpx: HTTP Request: HEAD https://huggingface.co/api/resolve-cache/models/BAAI/bge-base-en-v1.5/a5beb1e3e68b9ab74eb54cfd186867f64f240e1a/config.json?%2FBAAI%2Fbge-base-en-v1.5%2Fresolve%2Fmain%2Fconfig.json=&etag=%2209a8200d8a549a3b9dba53b67156ca26810cc720%22 "HTTP/1.1 200 OK"
INFO httpx: HTTP Request: HEAD https://huggingface.co/BAAI/bge-base-en-v1.5/resolve/main/config.json "HTTP/1.1 307 Temporary Redirect"
INFO httpx: HTTP Request: HEAD https://huggingface.co/api/resolve-cache/models/BAAI/bge-base-en-v1.5/a5beb1e3e68b9ab74eb54cfd186867f64f240e1a/config.json?%2FBAAI%2Fbge-base-en-v1.5%2Fresolve%2Fmain%2Fconfig.json=&etag=%2209a8200d8a549a3b9dba53b67156ca26810cc720%22 "HTTP/1.1 200 OK"
INFO httpx: HTTP Request: HEAD https://huggingface.co/BAAI/bge-base-en-v1.5/resolve/main/tokenizer_config.json "HTTP/1.1 307 Temporary Redirect"
INFO httpx: HTTP Request: HEAD https://huggingface.co/api/resolve-cache/models/BAAI/bge-base-en-v1.5/a5beb1e3e68b9ab74eb54cfd186867f64f240e1a/tokenizer_config.json?%2FBAAI%2Fbge-base-en-v1.5%2Fresolve%2Fmain%2Ftokenizer_config.json=&etag=%2237fca74771bc76a8e01178ce3a6055a0995f8093%22 "HTTP/1.1 200 OK"
INFO httpx: HTTP Request: GET https://huggingface.co/api/models/BAAI/bge-base-en-v1.5/tree/main/additional_chat_templates?recursive=false&expand=false "HTTP/1.1 404 Not Found"
INFO httpx: HTTP Request: GET https://huggingface.co/api/models/BAAI/bge-base-en-v1.5/tree/main?recursive=true&expand=false "HTTP/1.1 200 OK"
INFO httpx: HTTP Request: HEAD https://huggingface.co/BAAI/bge-base-en-v1.5/resolve/main/1_Pooling/config.json "HTTP/1.1 307 Temporary Redirect"
INFO httpx: HTTP Request: HEAD https://huggingface.co/api/resolve-cache/models/BAAI/bge-base-en-v1.5/a5beb1e3e68b9ab74eb54cfd186867f64f240e1a/1_Pooling%2Fconfig.json?%2FBAAI%2Fbge-base-en-v1.5%2Fresolve%2Fmain%2F1_Pooling%2Fconfig.json=&etag=%22da5bfd57e34ca45582e4bdbaa3e6deb9efffa08d%22 "HTTP/1.1 200 OK"
INFO httpx: HTTP Request: HEAD https://huggingface.co/BAAI/bge-base-en-v1.5/resolve/main/2_Normalize/config.json "HTTP/1.1 404 Not Found"
INFO httpx: HTTP Request: GET https://huggingface.co/api/models/BAAI/bge-base-en-v1.5 "HTTP/1.1 200 OK"
INFO httpx: HTTP Request: HEAD https://huggingface.co/datasets/nguha/legalbench/resolve/main/README.md "HTTP/1.1 307 Temporary Redirect"
INFO httpx: HTTP Request: HEAD https://huggingface.co/api/resolve-cache/datasets/nguha/legalbench/daec8237410aa23e3faf4bc41ad8b3a7e1696826/README.md?%2Fdatasets%2Fnguha%2Flegalbench%2Fresolve%2Fmain%2FREADME.md=&etag=%229eceed7949ad880f7bfd78b50a27a6a98d22ba4b%22 "HTTP/1.1 200 OK"
INFO httpx: HTTP Request: HEAD https://huggingface.co/datasets/nguha/legalbench/resolve/daec8237410aa23e3faf4bc41ad8b3a7e1696826/legalbench.py "HTTP/1.1 404 Not Found"
INFO httpx: HTTP Request: HEAD https://s3.amazonaws.com/datasets.huggingface.co/datasets/datasets/nguha/legalbench/nguha/legalbench.py "HTTP/1.1 404 Not Found"
INFO httpx: HTTP Request: HEAD https://huggingface.co/datasets/nguha/legalbench/resolve/daec8237410aa23e3faf4bc41ad8b3a7e1696826/.huggingface.yaml "HTTP/1.1 404 Not Found"
INFO httpx: HTTP Request: GET https://datasets-server.huggingface.co/info?dataset=nguha/legalbench "HTTP/1.1 200 OK"
INFO httpx: HTTP Request: HEAD https://huggingface.co/datasets/nguha/legalbench/resolve/daec8237410aa23e3faf4bc41ad8b3a7e1696826/dataset_infos.json "HTTP/1.1 404 Not Found"
INFO httpx: HTTP Request: GET https://huggingface.co/api/datasets/nguha/legalbench/tree/daec8237410aa23e3faf4bc41ad8b3a7e1696826/data%2Fdiversity_2?recursive=false&expand=false "HTTP/1.1 200 OK"
INFO httpx: HTTP Request: HEAD https://huggingface.co/datasets/nguha/legalbench/resolve/main/README.md "HTTP/1.1 307 Temporary Redirect"
INFO httpx: HTTP Request: HEAD https://huggingface.co/api/resolve-cache/datasets/nguha/legalbench/daec8237410aa23e3faf4bc41ad8b3a7e1696826/README.md?%2Fdatasets%2Fnguha%2Flegalbench%2Fresolve%2Fmain%2FREADME.md=&etag=%229eceed7949ad880f7bfd78b50a27a6a98d22ba4b%22 "HTTP/1.1 200 OK"
INFO httpx: HTTP Request: HEAD https://huggingface.co/datasets/nguha/legalbench/resolve/daec8237410aa23e3faf4bc41ad8b3a7e1696826/legalbench.py "HTTP/1.1 404 Not Found"
INFO httpx: HTTP Request: HEAD https://s3.amazonaws.com/datasets.huggingface.co/datasets/datasets/nguha/legalbench/nguha/legalbench.py "HTTP/1.1 404 Not Found"
INFO httpx: HTTP Request: HEAD https://huggingface.co/datasets/nguha/legalbench/resolve/daec8237410aa23e3faf4bc41ad8b3a7e1696826/.huggingface.yaml "HTTP/1.1 404 Not Found"
INFO httpx: HTTP Request: GET https://datasets-server.huggingface.co/info?dataset=nguha/legalbench "HTTP/1.1 200 OK"
INFO httpx: HTTP Request: HEAD https://huggingface.co/datasets/nguha/legalbench/resolve/daec8237410aa23e3faf4bc41ad8b3a7e1696826/dataset_infos.json "HTTP/1.1 404 Not Found"
INFO httpx: HTTP Request: GET https://huggingface.co/api/datasets/nguha/legalbench/tree/daec8237410aa23e3faf4bc41ad8b3a7e1696826/data%2Fdiversity_3?recursive=false&expand=false "HTTP/1.1 200 OK"
INFO httpx: HTTP Request: HEAD https://huggingface.co/datasets/nguha/legalbench/resolve/main/README.md "HTTP/1.1 307 Temporary Redirect"
INFO httpx: HTTP Request: HEAD https://huggingface.co/api/resolve-cache/datasets/nguha/legalbench/daec8237410aa23e3faf4bc41ad8b3a7e1696826/README.md?%2Fdatasets%2Fnguha%2Flegalbench%2Fresolve%2Fmain%2FREADME.md=&etag=%229eceed7949ad880f7bfd78b50a27a6a98d22ba4b%22 "HTTP/1.1 200 OK"
INFO httpx: HTTP Request: HEAD https://huggingface.co/datasets/nguha/legalbench/resolve/daec8237410aa23e3faf4bc41ad8b3a7e1696826/legalbench.py "HTTP/1.1 404 Not Found"
INFO httpx: HTTP Request: HEAD https://s3.amazonaws.com/datasets.huggingface.co/datasets/datasets/nguha/legalbench/nguha/legalbench.py "HTTP/1.1 404 Not Found"
INFO httpx: HTTP Request: HEAD https://huggingface.co/datasets/nguha/legalbench/resolve/daec8237410aa23e3faf4bc41ad8b3a7e1696826/.huggingface.yaml "HTTP/1.1 404 Not Found"
INFO httpx: HTTP Request: GET https://datasets-server.huggingface.co/info?dataset=nguha/legalbench "HTTP/1.1 200 OK"
INFO httpx: HTTP Request: HEAD https://huggingface.co/datasets/nguha/legalbench/resolve/daec8237410aa23e3faf4bc41ad8b3a7e1696826/dataset_infos.json "HTTP/1.1 404 Not Found"
INFO httpx: HTTP Request: GET https://huggingface.co/api/datasets/nguha/legalbench/tree/daec8237410aa23e3faf4bc41ad8b3a7e1696826/data%2Fdiversity_4?recursive=false&expand=false "HTTP/1.1 200 OK"
INFO httpx: HTTP Request: HEAD https://huggingface.co/datasets/nguha/legalbench/resolve/main/README.md "HTTP/1.1 307 Temporary Redirect"
INFO httpx: HTTP Request: HEAD https://huggingface.co/api/resolve-cache/datasets/nguha/legalbench/daec8237410aa23e3faf4bc41ad8b3a7e1696826/README.md?%2Fdatasets%2Fnguha%2Flegalbench%2Fresolve%2Fmain%2FREADME.md=&etag=%229eceed7949ad880f7bfd78b50a27a6a98d22ba4b%22 "HTTP/1.1 200 OK"
INFO httpx: HTTP Request: HEAD https://huggingface.co/datasets/nguha/legalbench/resolve/daec8237410aa23e3faf4bc41ad8b3a7e1696826/legalbench.py "HTTP/1.1 404 Not Found"
INFO httpx: HTTP Request: HEAD https://s3.amazonaws.com/datasets.huggingface.co/datasets/datasets/nguha/legalbench/nguha/legalbench.py "HTTP/1.1 404 Not Found"
INFO httpx: HTTP Request: HEAD https://huggingface.co/datasets/nguha/legalbench/resolve/daec8237410aa23e3faf4bc41ad8b3a7e1696826/.huggingface.yaml "HTTP/1.1 404 Not Found"
INFO httpx: HTTP Request: GET https://datasets-server.huggingface.co/info?dataset=nguha/legalbench "HTTP/1.1 200 OK"
INFO httpx: HTTP Request: HEAD https://huggingface.co/datasets/nguha/legalbench/resolve/daec8237410aa23e3faf4bc41ad8b3a7e1696826/dataset_infos.json "HTTP/1.1 404 Not Found"
INFO httpx: HTTP Request: GET https://huggingface.co/api/datasets/nguha/legalbench/tree/daec8237410aa23e3faf4bc41ad8b3a7e1696826/data%2Fdiversity_5?recursive=false&expand=false "HTTP/1.1 200 OK"
INFO httpx: HTTP Request: HEAD https://huggingface.co/datasets/nguha/legalbench/resolve/main/README.md "HTTP/1.1 307 Temporary Redirect"
INFO httpx: HTTP Request: HEAD https://huggingface.co/api/resolve-cache/datasets/nguha/legalbench/daec8237410aa23e3faf4bc41ad8b3a7e1696826/README.md?%2Fdatasets%2Fnguha%2Flegalbench%2Fresolve%2Fmain%2FREADME.md=&etag=%229eceed7949ad880f7bfd78b50a27a6a98d22ba4b%22 "HTTP/1.1 200 OK"
INFO httpx: HTTP Request: HEAD https://huggingface.co/datasets/nguha/legalbench/resolve/daec8237410aa23e3faf4bc41ad8b3a7e1696826/legalbench.py "HTTP/1.1 404 Not Found"
INFO httpx: HTTP Request: HEAD https://s3.amazonaws.com/datasets.huggingface.co/datasets/datasets/nguha/legalbench/nguha/legalbench.py "HTTP/1.1 404 Not Found"
INFO httpx: HTTP Request: HEAD https://huggingface.co/datasets/nguha/legalbench/resolve/daec8237410aa23e3faf4bc41ad8b3a7e1696826/.huggingface.yaml "HTTP/1.1 404 Not Found"
INFO httpx: HTTP Request: GET https://datasets-server.huggingface.co/info?dataset=nguha/legalbench "HTTP/1.1 200 OK"
INFO httpx: HTTP Request: HEAD https://huggingface.co/datasets/nguha/legalbench/resolve/daec8237410aa23e3faf4bc41ad8b3a7e1696826/dataset_infos.json "HTTP/1.1 404 Not Found"
INFO httpx: HTTP Request: GET https://huggingface.co/api/datasets/nguha/legalbench/tree/daec8237410aa23e3faf4bc41ad8b3a7e1696826/data%2Fdiversity_6?recursive=false&expand=false "HTTP/1.1 200 OK"
Wrote 30 task x candidate rows.
  tasks_csv: results_diversity_fixed/tasks.csv
  summary_md: results_diversity_fixed/summary.md
  chart_png: results_diversity_fixed/chart_llm_share.png
  per_class: [PosixPath('results_diversity_fixed/per_class/diversity_1.csv'), PosixPath('results_diversity_fixed/per_class/diversity_2.csv'), PosixPath('results_diversity_fixed/per_class/diversity_3.csv'), PosixPath('results_diversity_fixed/per_class/diversity_4.csv'), PosixPath('results_diversity_fixed/per_class/diversity_5.csv'), PosixPath('results_diversity_fixed/per_class/diversity_6.csv')]
  configs: [PosixPath('results_diversity_fixed/configs/diversity_1.json'), PosixPath('results_diversity_fixed/configs/diversity_2.json'), PosixPath('results_diversity_fixed/configs/diversity_3.json'), PosixPath('results_diversity_fixed/configs/diversity_4.json'), PosixPath('results_diversity_fixed/configs/diversity_5.json'), PosixPath('results_diversity_fixed/configs/diversity_6.json')]
  run_errors.log: results_diversity_fixed/run_errors.log
