WARNING legalbench_map.cli: candidate module /Users/vasyl/zadumai/legalbench_map/candidates/_embed_common.py exposes neither CANDIDATES nor NAME+fit_predict_proba -- skipping
INFO httpx: HTTP Request: HEAD https://huggingface.co/datasets/nguha/legalbench/resolve/main/README.md "HTTP/1.1 307 Temporary Redirect"
INFO httpx: HTTP Request: HEAD https://huggingface.co/api/resolve-cache/datasets/nguha/legalbench/daec8237410aa23e3faf4bc41ad8b3a7e1696826/README.md?%2Fdatasets%2Fnguha%2Flegalbench%2Fresolve%2Fmain%2FREADME.md=&etag=%229eceed7949ad880f7bfd78b50a27a6a98d22ba4b%22 "HTTP/1.1 200 OK"
INFO httpx: HTTP Request: HEAD https://huggingface.co/datasets/nguha/legalbench/resolve/daec8237410aa23e3faf4bc41ad8b3a7e1696826/legalbench.py "HTTP/1.1 404 Not Found"
INFO httpx: HTTP Request: HEAD https://s3.amazonaws.com/datasets.huggingface.co/datasets/datasets/nguha/legalbench/nguha/legalbench.py "HTTP/1.1 404 Not Found"
INFO httpx: HTTP Request: GET https://huggingface.co/api/datasets/nguha/legalbench/revision/daec8237410aa23e3faf4bc41ad8b3a7e1696826 "HTTP/1.1 200 OK"
INFO httpx: HTTP Request: HEAD https://huggingface.co/datasets/nguha/legalbench/resolve/daec8237410aa23e3faf4bc41ad8b3a7e1696826/.huggingface.yaml "HTTP/1.1 404 Not Found"
INFO httpx: HTTP Request: GET https://datasets-server.huggingface.co/info?dataset=nguha/legalbench "HTTP/1.1 200 OK"
INFO httpx: HTTP Request: GET https://huggingface.co/api/datasets/nguha/legalbench/tree/daec8237410aa23e3faf4bc41ad8b3a7e1696826/data%2Fabercrombie?recursive=false&expand=false "HTTP/1.1 200 OK"
INFO httpx: HTTP Request: HEAD https://huggingface.co/datasets/nguha/legalbench/resolve/daec8237410aa23e3faf4bc41ad8b3a7e1696826/dataset_infos.json "HTTP/1.1 404 Not Found"
INFO httpx: HTTP Request: GET https://huggingface.co/api/datasets/nguha/legalbench/tree/daec8237410aa23e3faf4bc41ad8b3a7e1696826/data%2Fcuad_anti-assignment?recursive=false&expand=false "HTTP/1.1 200 OK"
INFO httpx: HTTP Request: HEAD https://huggingface.co/BAAI/bge-small-en-v1.5/resolve/main/modules.json "HTTP/1.1 307 Temporary Redirect"
INFO httpx: HTTP Request: HEAD https://huggingface.co/api/resolve-cache/models/BAAI/bge-small-en-v1.5/5c38ec7c405ec4b44b94cc5a9bb96e735b38267a/modules.json?%2FBAAI%2Fbge-small-en-v1.5%2Fresolve%2Fmain%2Fmodules.json=&etag=%22952a9b81c0bfd99800fabf352f69c7ccd46c5e43%22 "HTTP/1.1 200 OK"
INFO httpx: HTTP Request: HEAD https://huggingface.co/BAAI/bge-small-en-v1.5/resolve/main/config_sentence_transformers.json "HTTP/1.1 307 Temporary Redirect"
INFO httpx: HTTP Request: HEAD https://huggingface.co/api/resolve-cache/models/BAAI/bge-small-en-v1.5/5c38ec7c405ec4b44b94cc5a9bb96e735b38267a/config_sentence_transformers.json?%2FBAAI%2Fbge-small-en-v1.5%2Fresolve%2Fmain%2Fconfig_sentence_transformers.json=&etag=%22dcb0c0d97d09b930d13600b1a773ddb27e441aab%22 "HTTP/1.1 200 OK"
INFO sentence_transformers.base.model: Loading SentenceTransformer model from BAAI/bge-small-en-v1.5.
INFO httpx: HTTP Request: HEAD https://huggingface.co/BAAI/bge-small-en-v1.5/resolve/main/config_sentence_transformers.json "HTTP/1.1 307 Temporary Redirect"
INFO httpx: HTTP Request: HEAD https://huggingface.co/api/resolve-cache/models/BAAI/bge-small-en-v1.5/5c38ec7c405ec4b44b94cc5a9bb96e735b38267a/config_sentence_transformers.json?%2FBAAI%2Fbge-small-en-v1.5%2Fresolve%2Fmain%2Fconfig_sentence_transformers.json=&etag=%22dcb0c0d97d09b930d13600b1a773ddb27e441aab%22 "HTTP/1.1 200 OK"
INFO httpx: HTTP Request: HEAD https://huggingface.co/BAAI/bge-small-en-v1.5/resolve/main/README.md "HTTP/1.1 307 Temporary Redirect"
INFO httpx: HTTP Request: HEAD https://huggingface.co/api/resolve-cache/models/BAAI/bge-small-en-v1.5/5c38ec7c405ec4b44b94cc5a9bb96e735b38267a/README.md?%2FBAAI%2Fbge-small-en-v1.5%2Fresolve%2Fmain%2FREADME.md=&etag=%228b8567d75ffa619486d9590cb0eb76d66ad46c49%22 "HTTP/1.1 200 OK"
INFO httpx: HTTP Request: HEAD https://huggingface.co/BAAI/bge-small-en-v1.5/resolve/main/modules.json "HTTP/1.1 307 Temporary Redirect"
INFO httpx: HTTP Request: HEAD https://huggingface.co/api/resolve-cache/models/BAAI/bge-small-en-v1.5/5c38ec7c405ec4b44b94cc5a9bb96e735b38267a/modules.json?%2FBAAI%2Fbge-small-en-v1.5%2Fresolve%2Fmain%2Fmodules.json=&etag=%22952a9b81c0bfd99800fabf352f69c7ccd46c5e43%22 "HTTP/1.1 200 OK"
INFO httpx: HTTP Request: HEAD https://huggingface.co/BAAI/bge-small-en-v1.5/resolve/main/sentence_bert_config.json "HTTP/1.1 307 Temporary Redirect"
INFO httpx: HTTP Request: HEAD https://huggingface.co/api/resolve-cache/models/BAAI/bge-small-en-v1.5/5c38ec7c405ec4b44b94cc5a9bb96e735b38267a/sentence_bert_config.json?%2FBAAI%2Fbge-small-en-v1.5%2Fresolve%2Fmain%2Fsentence_bert_config.json=&etag=%22ea85692bff64b0d1917833c31ddbca8ab10f5455%22 "HTTP/1.1 200 OK"
INFO httpx: HTTP Request: HEAD https://huggingface.co/BAAI/bge-small-en-v1.5/resolve/main/adapter_config.json "HTTP/1.1 404 Not Found"
INFO httpx: HTTP Request: HEAD https://huggingface.co/BAAI/bge-small-en-v1.5/resolve/main/config.json "HTTP/1.1 307 Temporary Redirect"
INFO httpx: HTTP Request: HEAD https://huggingface.co/api/resolve-cache/models/BAAI/bge-small-en-v1.5/5c38ec7c405ec4b44b94cc5a9bb96e735b38267a/config.json?%2FBAAI%2Fbge-small-en-v1.5%2Fresolve%2Fmain%2Fconfig.json=&etag=%223992bf890728a92476c700e6e657fd696eb94160%22 "HTTP/1.1 200 OK"
Loading weights:   0%|          | 0/199 [00:00<?, ?it/s]Loading weights: 100%|██████████| 199/199 [00:00<00:00, 8179.24it/s]
INFO httpx: HTTP Request: HEAD https://huggingface.co/BAAI/bge-small-en-v1.5/resolve/main/processor_config.json "HTTP/1.1 404 Not Found"
INFO httpx: HTTP Request: HEAD https://huggingface.co/BAAI/bge-small-en-v1.5/resolve/main/preprocessor_config.json "HTTP/1.1 404 Not Found"
INFO httpx: HTTP Request: HEAD https://huggingface.co/BAAI/bge-small-en-v1.5/resolve/main/video_preprocessor_config.json "HTTP/1.1 404 Not Found"
INFO httpx: HTTP Request: HEAD https://huggingface.co/BAAI/bge-small-en-v1.5/resolve/main/preprocessor_config.json "HTTP/1.1 404 Not Found"
INFO httpx: HTTP Request: HEAD https://huggingface.co/BAAI/bge-small-en-v1.5/resolve/main/tokenizer_config.json "HTTP/1.1 307 Temporary Redirect"
INFO httpx: HTTP Request: HEAD https://huggingface.co/api/resolve-cache/models/BAAI/bge-small-en-v1.5/5c38ec7c405ec4b44b94cc5a9bb96e735b38267a/tokenizer_config.json?%2FBAAI%2Fbge-small-en-v1.5%2Fresolve%2Fmain%2Ftokenizer_config.json=&etag=%2237fca74771bc76a8e01178ce3a6055a0995f8093%22 "HTTP/1.1 200 OK"
INFO httpx: HTTP Request: HEAD https://huggingface.co/BAAI/bge-small-en-v1.5/resolve/main/config.json "HTTP/1.1 307 Temporary Redirect"
INFO httpx: HTTP Request: HEAD https://huggingface.co/api/resolve-cache/models/BAAI/bge-small-en-v1.5/5c38ec7c405ec4b44b94cc5a9bb96e735b38267a/config.json?%2FBAAI%2Fbge-small-en-v1.5%2Fresolve%2Fmain%2Fconfig.json=&etag=%223992bf890728a92476c700e6e657fd696eb94160%22 "HTTP/1.1 200 OK"
INFO httpx: HTTP Request: HEAD https://huggingface.co/BAAI/bge-small-en-v1.5/resolve/main/config.json "HTTP/1.1 307 Temporary Redirect"
INFO httpx: HTTP Request: HEAD https://huggingface.co/api/resolve-cache/models/BAAI/bge-small-en-v1.5/5c38ec7c405ec4b44b94cc5a9bb96e735b38267a/config.json?%2FBAAI%2Fbge-small-en-v1.5%2Fresolve%2Fmain%2Fconfig.json=&etag=%223992bf890728a92476c700e6e657fd696eb94160%22 "HTTP/1.1 200 OK"
INFO httpx: HTTP Request: HEAD https://huggingface.co/BAAI/bge-small-en-v1.5/resolve/main/tokenizer_config.json "HTTP/1.1 307 Temporary Redirect"
INFO httpx: HTTP Request: HEAD https://huggingface.co/api/resolve-cache/models/BAAI/bge-small-en-v1.5/5c38ec7c405ec4b44b94cc5a9bb96e735b38267a/tokenizer_config.json?%2FBAAI%2Fbge-small-en-v1.5%2Fresolve%2Fmain%2Ftokenizer_config.json=&etag=%2237fca74771bc76a8e01178ce3a6055a0995f8093%22 "HTTP/1.1 200 OK"
INFO httpx: HTTP Request: GET https://huggingface.co/api/models/BAAI/bge-small-en-v1.5/tree/main/additional_chat_templates?recursive=false&expand=false "HTTP/1.1 404 Not Found"
INFO httpx: HTTP Request: GET https://huggingface.co/api/models/BAAI/bge-small-en-v1.5/tree/main?recursive=true&expand=false "HTTP/1.1 200 OK"
INFO httpx: HTTP Request: HEAD https://huggingface.co/BAAI/bge-small-en-v1.5/resolve/main/1_Pooling/config.json "HTTP/1.1 307 Temporary Redirect"
INFO httpx: HTTP Request: HEAD https://huggingface.co/api/resolve-cache/models/BAAI/bge-small-en-v1.5/5c38ec7c405ec4b44b94cc5a9bb96e735b38267a/1_Pooling%2Fconfig.json?%2FBAAI%2Fbge-small-en-v1.5%2Fresolve%2Fmain%2F1_Pooling%2Fconfig.json=&etag=%221da070f0993788c8851a652170ff013aa54dd519%22 "HTTP/1.1 200 OK"
INFO httpx: HTTP Request: HEAD https://huggingface.co/BAAI/bge-small-en-v1.5/resolve/main/2_Normalize/config.json "HTTP/1.1 404 Not Found"
INFO httpx: HTTP Request: GET https://huggingface.co/api/models/BAAI/bge-small-en-v1.5 "HTTP/1.1 200 OK"
INFO httpx: HTTP Request: HEAD https://huggingface.co/BAAI/bge-base-en-v1.5/resolve/main/modules.json "HTTP/1.1 307 Temporary Redirect"
INFO httpx: HTTP Request: HEAD https://huggingface.co/api/resolve-cache/models/BAAI/bge-base-en-v1.5/a5beb1e3e68b9ab74eb54cfd186867f64f240e1a/modules.json?%2FBAAI%2Fbge-base-en-v1.5%2Fresolve%2Fmain%2Fmodules.json=&etag=%22952a9b81c0bfd99800fabf352f69c7ccd46c5e43%22 "HTTP/1.1 200 OK"
INFO httpx: HTTP Request: HEAD https://huggingface.co/BAAI/bge-base-en-v1.5/resolve/main/config_sentence_transformers.json "HTTP/1.1 307 Temporary Redirect"
INFO httpx: HTTP Request: HEAD https://huggingface.co/api/resolve-cache/models/BAAI/bge-base-en-v1.5/a5beb1e3e68b9ab74eb54cfd186867f64f240e1a/config_sentence_transformers.json?%2FBAAI%2Fbge-base-en-v1.5%2Fresolve%2Fmain%2Fconfig_sentence_transformers.json=&etag=%22dcb0c0d97d09b930d13600b1a773ddb27e441aab%22 "HTTP/1.1 200 OK"
INFO sentence_transformers.base.model: Loading SentenceTransformer model from BAAI/bge-base-en-v1.5.
INFO httpx: HTTP Request: HEAD https://huggingface.co/BAAI/bge-base-en-v1.5/resolve/main/config_sentence_transformers.json "HTTP/1.1 307 Temporary Redirect"
INFO httpx: HTTP Request: HEAD https://huggingface.co/api/resolve-cache/models/BAAI/bge-base-en-v1.5/a5beb1e3e68b9ab74eb54cfd186867f64f240e1a/config_sentence_transformers.json?%2FBAAI%2Fbge-base-en-v1.5%2Fresolve%2Fmain%2Fconfig_sentence_transformers.json=&etag=%22dcb0c0d97d09b930d13600b1a773ddb27e441aab%22 "HTTP/1.1 200 OK"
INFO httpx: HTTP Request: HEAD https://huggingface.co/BAAI/bge-base-en-v1.5/resolve/main/README.md "HTTP/1.1 307 Temporary Redirect"
INFO httpx: HTTP Request: HEAD https://huggingface.co/api/resolve-cache/models/BAAI/bge-base-en-v1.5/a5beb1e3e68b9ab74eb54cfd186867f64f240e1a/README.md?%2FBAAI%2Fbge-base-en-v1.5%2Fresolve%2Fmain%2FREADME.md=&etag=%2258b129f71f56062384cdc8e704480a73ed38d03f%22 "HTTP/1.1 200 OK"
INFO httpx: HTTP Request: HEAD https://huggingface.co/BAAI/bge-base-en-v1.5/resolve/main/modules.json "HTTP/1.1 307 Temporary Redirect"
INFO httpx: HTTP Request: HEAD https://huggingface.co/api/resolve-cache/models/BAAI/bge-base-en-v1.5/a5beb1e3e68b9ab74eb54cfd186867f64f240e1a/modules.json?%2FBAAI%2Fbge-base-en-v1.5%2Fresolve%2Fmain%2Fmodules.json=&etag=%22952a9b81c0bfd99800fabf352f69c7ccd46c5e43%22 "HTTP/1.1 200 OK"
INFO httpx: HTTP Request: HEAD https://huggingface.co/BAAI/bge-base-en-v1.5/resolve/main/sentence_bert_config.json "HTTP/1.1 307 Temporary Redirect"
INFO httpx: HTTP Request: HEAD https://huggingface.co/api/resolve-cache/models/BAAI/bge-base-en-v1.5/a5beb1e3e68b9ab74eb54cfd186867f64f240e1a/sentence_bert_config.json?%2FBAAI%2Fbge-base-en-v1.5%2Fresolve%2Fmain%2Fsentence_bert_config.json=&etag=%22ea85692bff64b0d1917833c31ddbca8ab10f5455%22 "HTTP/1.1 200 OK"
INFO httpx: HTTP Request: HEAD https://huggingface.co/BAAI/bge-base-en-v1.5/resolve/main/adapter_config.json "HTTP/1.1 404 Not Found"
INFO httpx: HTTP Request: HEAD https://huggingface.co/BAAI/bge-base-en-v1.5/resolve/main/config.json "HTTP/1.1 307 Temporary Redirect"
INFO httpx: HTTP Request: HEAD https://huggingface.co/api/resolve-cache/models/BAAI/bge-base-en-v1.5/a5beb1e3e68b9ab74eb54cfd186867f64f240e1a/config.json?%2FBAAI%2Fbge-base-en-v1.5%2Fresolve%2Fmain%2Fconfig.json=&etag=%2209a8200d8a549a3b9dba53b67156ca26810cc720%22 "HTTP/1.1 200 OK"
Loading weights:   0%|          | 0/199 [00:00<?, ?it/s]Loading weights: 100%|██████████| 199/199 [00:00<00:00, 6327.69it/s]
INFO httpx: HTTP Request: HEAD https://huggingface.co/BAAI/bge-base-en-v1.5/resolve/main/processor_config.json "HTTP/1.1 404 Not Found"
INFO httpx: HTTP Request: HEAD https://huggingface.co/BAAI/bge-base-en-v1.5/resolve/main/preprocessor_config.json "HTTP/1.1 404 Not Found"
INFO httpx: HTTP Request: HEAD https://huggingface.co/BAAI/bge-base-en-v1.5/resolve/main/video_preprocessor_config.json "HTTP/1.1 404 Not Found"
INFO httpx: HTTP Request: HEAD https://huggingface.co/BAAI/bge-base-en-v1.5/resolve/main/preprocessor_config.json "HTTP/1.1 404 Not Found"
INFO httpx: HTTP Request: HEAD https://huggingface.co/BAAI/bge-base-en-v1.5/resolve/main/tokenizer_config.json "HTTP/1.1 307 Temporary Redirect"
INFO httpx: HTTP Request: HEAD https://huggingface.co/api/resolve-cache/models/BAAI/bge-base-en-v1.5/a5beb1e3e68b9ab74eb54cfd186867f64f240e1a/tokenizer_config.json?%2FBAAI%2Fbge-base-en-v1.5%2Fresolve%2Fmain%2Ftokenizer_config.json=&etag=%2237fca74771bc76a8e01178ce3a6055a0995f8093%22 "HTTP/1.1 200 OK"
INFO httpx: HTTP Request: HEAD https://huggingface.co/BAAI/bge-base-en-v1.5/resolve/main/config.json "HTTP/1.1 307 Temporary Redirect"
INFO httpx: HTTP Request: HEAD https://huggingface.co/api/resolve-cache/models/BAAI/bge-base-en-v1.5/a5beb1e3e68b9ab74eb54cfd186867f64f240e1a/config.json?%2FBAAI%2Fbge-base-en-v1.5%2Fresolve%2Fmain%2Fconfig.json=&etag=%2209a8200d8a549a3b9dba53b67156ca26810cc720%22 "HTTP/1.1 200 OK"
INFO httpx: HTTP Request: HEAD https://huggingface.co/BAAI/bge-base-en-v1.5/resolve/main/config.json "HTTP/1.1 307 Temporary Redirect"
INFO httpx: HTTP Request: HEAD https://huggingface.co/api/resolve-cache/models/BAAI/bge-base-en-v1.5/a5beb1e3e68b9ab74eb54cfd186867f64f240e1a/config.json?%2FBAAI%2Fbge-base-en-v1.5%2Fresolve%2Fmain%2Fconfig.json=&etag=%2209a8200d8a549a3b9dba53b67156ca26810cc720%22 "HTTP/1.1 200 OK"
INFO httpx: HTTP Request: HEAD https://huggingface.co/BAAI/bge-base-en-v1.5/resolve/main/tokenizer_config.json "HTTP/1.1 307 Temporary Redirect"
INFO httpx: HTTP Request: HEAD https://huggingface.co/api/resolve-cache/models/BAAI/bge-base-en-v1.5/a5beb1e3e68b9ab74eb54cfd186867f64f240e1a/tokenizer_config.json?%2FBAAI%2Fbge-base-en-v1.5%2Fresolve%2Fmain%2Ftokenizer_config.json=&etag=%2237fca74771bc76a8e01178ce3a6055a0995f8093%22 "HTTP/1.1 200 OK"
INFO httpx: HTTP Request: GET https://huggingface.co/api/models/BAAI/bge-base-en-v1.5/tree/main/additional_chat_templates?recursive=false&expand=false "HTTP/1.1 404 Not Found"
INFO httpx: HTTP Request: GET https://huggingface.co/api/models/BAAI/bge-base-en-v1.5/tree/main?recursive=true&expand=false "HTTP/1.1 200 OK"
INFO httpx: HTTP Request: HEAD https://huggingface.co/BAAI/bge-base-en-v1.5/resolve/main/1_Pooling/config.json "HTTP/1.1 307 Temporary Redirect"
INFO httpx: HTTP Request: HEAD https://huggingface.co/api/resolve-cache/models/BAAI/bge-base-en-v1.5/a5beb1e3e68b9ab74eb54cfd186867f64f240e1a/1_Pooling%2Fconfig.json?%2FBAAI%2Fbge-base-en-v1.5%2Fresolve%2Fmain%2F1_Pooling%2Fconfig.json=&etag=%22da5bfd57e34ca45582e4bdbaa3e6deb9efffa08d%22 "HTTP/1.1 200 OK"
INFO httpx: HTTP Request: HEAD https://huggingface.co/BAAI/bge-base-en-v1.5/resolve/main/2_Normalize/config.json "HTTP/1.1 404 Not Found"
INFO httpx: HTTP Request: GET https://huggingface.co/api/models/BAAI/bge-base-en-v1.5 "HTTP/1.1 200 OK"
INFO httpx: HTTP Request: HEAD https://huggingface.co/datasets/nguha/legalbench/resolve/main/README.md "HTTP/1.1 307 Temporary Redirect"
INFO httpx: HTTP Request: HEAD https://huggingface.co/api/resolve-cache/datasets/nguha/legalbench/daec8237410aa23e3faf4bc41ad8b3a7e1696826/README.md?%2Fdatasets%2Fnguha%2Flegalbench%2Fresolve%2Fmain%2FREADME.md=&etag=%229eceed7949ad880f7bfd78b50a27a6a98d22ba4b%22 "HTTP/1.1 200 OK"
INFO httpx: HTTP Request: HEAD https://huggingface.co/datasets/nguha/legalbench/resolve/daec8237410aa23e3faf4bc41ad8b3a7e1696826/legalbench.py "HTTP/1.1 404 Not Found"
INFO httpx: HTTP Request: HEAD https://s3.amazonaws.com/datasets.huggingface.co/datasets/datasets/nguha/legalbench/nguha/legalbench.py "HTTP/1.1 404 Not Found"
INFO httpx: HTTP Request: HEAD https://huggingface.co/datasets/nguha/legalbench/resolve/daec8237410aa23e3faf4bc41ad8b3a7e1696826/.huggingface.yaml "HTTP/1.1 404 Not Found"
INFO httpx: HTTP Request: GET https://datasets-server.huggingface.co/info?dataset=nguha/legalbench "HTTP/1.1 200 OK"
INFO httpx: HTTP Request: HEAD https://huggingface.co/datasets/nguha/legalbench/resolve/daec8237410aa23e3faf4bc41ad8b3a7e1696826/dataset_infos.json "HTTP/1.1 404 Not Found"
INFO httpx: HTTP Request: GET https://huggingface.co/api/datasets/nguha/legalbench/tree/daec8237410aa23e3faf4bc41ad8b3a7e1696826/data%2Fopp115_data_retention?recursive=false&expand=false "HTTP/1.1 200 OK"
INFO httpx: HTTP Request: HEAD https://huggingface.co/datasets/nguha/legalbench/resolve/main/README.md "HTTP/1.1 307 Temporary Redirect"
INFO httpx: HTTP Request: HEAD https://huggingface.co/api/resolve-cache/datasets/nguha/legalbench/daec8237410aa23e3faf4bc41ad8b3a7e1696826/README.md?%2Fdatasets%2Fnguha%2Flegalbench%2Fresolve%2Fmain%2FREADME.md=&etag=%229eceed7949ad880f7bfd78b50a27a6a98d22ba4b%22 "HTTP/1.1 200 OK"
INFO httpx: HTTP Request: HEAD https://huggingface.co/datasets/nguha/legalbench/resolve/daec8237410aa23e3faf4bc41ad8b3a7e1696826/legalbench.py "HTTP/1.1 404 Not Found"
INFO httpx: HTTP Request: HEAD https://s3.amazonaws.com/datasets.huggingface.co/datasets/datasets/nguha/legalbench/nguha/legalbench.py "HTTP/1.1 404 Not Found"
INFO httpx: HTTP Request: HEAD https://huggingface.co/datasets/nguha/legalbench/resolve/daec8237410aa23e3faf4bc41ad8b3a7e1696826/.huggingface.yaml "HTTP/1.1 404 Not Found"
INFO httpx: HTTP Request: GET https://datasets-server.huggingface.co/info?dataset=nguha/legalbench "HTTP/1.1 200 OK"
INFO httpx: HTTP Request: HEAD https://huggingface.co/datasets/nguha/legalbench/resolve/daec8237410aa23e3faf4bc41ad8b3a7e1696826/dataset_infos.json "HTTP/1.1 404 Not Found"
INFO httpx: HTTP Request: GET https://huggingface.co/api/datasets/nguha/legalbench/tree/daec8237410aa23e3faf4bc41ad8b3a7e1696826/data%2Flearned_hands_consumer?recursive=false&expand=false "HTTP/1.1 200 OK"
INFO httpx: HTTP Request: HEAD https://huggingface.co/datasets/nguha/legalbench/resolve/main/README.md "HTTP/1.1 307 Temporary Redirect"
INFO httpx: HTTP Request: HEAD https://huggingface.co/api/resolve-cache/datasets/nguha/legalbench/daec8237410aa23e3faf4bc41ad8b3a7e1696826/README.md?%2Fdatasets%2Fnguha%2Flegalbench%2Fresolve%2Fmain%2FREADME.md=&etag=%229eceed7949ad880f7bfd78b50a27a6a98d22ba4b%22 "HTTP/1.1 200 OK"
INFO httpx: HTTP Request: HEAD https://huggingface.co/datasets/nguha/legalbench/resolve/daec8237410aa23e3faf4bc41ad8b3a7e1696826/legalbench.py "HTTP/1.1 404 Not Found"
INFO httpx: HTTP Request: HEAD https://s3.amazonaws.com/datasets.huggingface.co/datasets/datasets/nguha/legalbench/nguha/legalbench.py "HTTP/1.1 404 Not Found"
INFO httpx: HTTP Request: HEAD https://huggingface.co/datasets/nguha/legalbench/resolve/daec8237410aa23e3faf4bc41ad8b3a7e1696826/.huggingface.yaml "HTTP/1.1 404 Not Found"
INFO httpx: HTTP Request: GET https://datasets-server.huggingface.co/info?dataset=nguha/legalbench "HTTP/1.1 200 OK"
INFO httpx: HTTP Request: HEAD https://huggingface.co/datasets/nguha/legalbench/resolve/daec8237410aa23e3faf4bc41ad8b3a7e1696826/dataset_infos.json "HTTP/1.1 404 Not Found"
INFO httpx: HTTP Request: GET https://huggingface.co/api/datasets/nguha/legalbench/tree/daec8237410aa23e3faf4bc41ad8b3a7e1696826/data%2Fsupply_chain_disclosure_best_practice_accountability?recursive=false&expand=false "HTTP/1.1 200 OK"
INFO httpx: HTTP Request: HEAD https://huggingface.co/datasets/nguha/legalbench/resolve/main/README.md "HTTP/1.1 307 Temporary Redirect"
INFO httpx: HTTP Request: HEAD https://huggingface.co/api/resolve-cache/datasets/nguha/legalbench/daec8237410aa23e3faf4bc41ad8b3a7e1696826/README.md?%2Fdatasets%2Fnguha%2Flegalbench%2Fresolve%2Fmain%2FREADME.md=&etag=%229eceed7949ad880f7bfd78b50a27a6a98d22ba4b%22 "HTTP/1.1 200 OK"
INFO httpx: HTTP Request: HEAD https://huggingface.co/datasets/nguha/legalbench/resolve/daec8237410aa23e3faf4bc41ad8b3a7e1696826/legalbench.py "HTTP/1.1 404 Not Found"
INFO httpx: HTTP Request: HEAD https://s3.amazonaws.com/datasets.huggingface.co/datasets/datasets/nguha/legalbench/nguha/legalbench.py "HTTP/1.1 404 Not Found"
INFO httpx: HTTP Request: HEAD https://huggingface.co/datasets/nguha/legalbench/resolve/daec8237410aa23e3faf4bc41ad8b3a7e1696826/.huggingface.yaml "HTTP/1.1 404 Not Found"
INFO httpx: HTTP Request: GET https://datasets-server.huggingface.co/info?dataset=nguha/legalbench "HTTP/1.1 200 OK"
INFO httpx: HTTP Request: HEAD https://huggingface.co/datasets/nguha/legalbench/resolve/daec8237410aa23e3faf4bc41ad8b3a7e1696826/dataset_infos.json "HTTP/1.1 404 Not Found"
INFO httpx: HTTP Request: GET https://huggingface.co/api/datasets/nguha/legalbench/tree/daec8237410aa23e3faf4bc41ad8b3a7e1696826/data%2Foverruling?recursive=false&expand=false "HTTP/1.1 200 OK"
INFO httpx: HTTP Request: HEAD https://huggingface.co/datasets/nguha/legalbench/resolve/main/README.md "HTTP/1.1 307 Temporary Redirect"
INFO httpx: HTTP Request: HEAD https://huggingface.co/api/resolve-cache/datasets/nguha/legalbench/daec8237410aa23e3faf4bc41ad8b3a7e1696826/README.md?%2Fdatasets%2Fnguha%2Flegalbench%2Fresolve%2Fmain%2FREADME.md=&etag=%229eceed7949ad880f7bfd78b50a27a6a98d22ba4b%22 "HTTP/1.1 200 OK"
INFO httpx: HTTP Request: HEAD https://huggingface.co/datasets/nguha/legalbench/resolve/daec8237410aa23e3faf4bc41ad8b3a7e1696826/legalbench.py "HTTP/1.1 404 Not Found"
INFO httpx: HTTP Request: HEAD https://s3.amazonaws.com/datasets.huggingface.co/datasets/datasets/nguha/legalbench/nguha/legalbench.py "HTTP/1.1 404 Not Found"
INFO httpx: HTTP Request: HEAD https://huggingface.co/datasets/nguha/legalbench/resolve/daec8237410aa23e3faf4bc41ad8b3a7e1696826/.huggingface.yaml "HTTP/1.1 404 Not Found"
INFO httpx: HTTP Request: GET https://datasets-server.huggingface.co/info?dataset=nguha/legalbench "HTTP/1.1 200 OK"
INFO httpx: HTTP Request: HEAD https://huggingface.co/datasets/nguha/legalbench/resolve/daec8237410aa23e3faf4bc41ad8b3a7e1696826/dataset_infos.json "HTTP/1.1 404 Not Found"
INFO httpx: HTTP Request: GET https://huggingface.co/api/datasets/nguha/legalbench/tree/daec8237410aa23e3faf4bc41ad8b3a7e1696826/data%2Fcuad_audit_rights?recursive=false&expand=false "HTTP/1.1 200 OK"
INFO httpx: HTTP Request: HEAD https://huggingface.co/datasets/nguha/legalbench/resolve/main/README.md "HTTP/1.1 307 Temporary Redirect"
INFO httpx: HTTP Request: HEAD https://huggingface.co/api/resolve-cache/datasets/nguha/legalbench/daec8237410aa23e3faf4bc41ad8b3a7e1696826/README.md?%2Fdatasets%2Fnguha%2Flegalbench%2Fresolve%2Fmain%2FREADME.md=&etag=%229eceed7949ad880f7bfd78b50a27a6a98d22ba4b%22 "HTTP/1.1 200 OK"
INFO httpx: HTTP Request: HEAD https://huggingface.co/datasets/nguha/legalbench/resolve/daec8237410aa23e3faf4bc41ad8b3a7e1696826/legalbench.py "HTTP/1.1 404 Not Found"
INFO httpx: HTTP Request: HEAD https://s3.amazonaws.com/datasets.huggingface.co/datasets/datasets/nguha/legalbench/nguha/legalbench.py "HTTP/1.1 404 Not Found"
INFO httpx: HTTP Request: HEAD https://huggingface.co/datasets/nguha/legalbench/resolve/daec8237410aa23e3faf4bc41ad8b3a7e1696826/.huggingface.yaml "HTTP/1.1 404 Not Found"
INFO httpx: HTTP Request: GET https://datasets-server.huggingface.co/info?dataset=nguha/legalbench "HTTP/1.1 200 OK"
INFO httpx: HTTP Request: HEAD https://huggingface.co/datasets/nguha/legalbench/resolve/daec8237410aa23e3faf4bc41ad8b3a7e1696826/dataset_infos.json "HTTP/1.1 404 Not Found"
INFO httpx: HTTP Request: GET https://huggingface.co/api/datasets/nguha/legalbench/tree/daec8237410aa23e3faf4bc41ad8b3a7e1696826/data%2Fopp115_data_security?recursive=false&expand=false "HTTP/1.1 200 OK"
INFO httpx: HTTP Request: HEAD https://huggingface.co/datasets/nguha/legalbench/resolve/main/README.md "HTTP/1.1 307 Temporary Redirect"
INFO httpx: HTTP Request: HEAD https://huggingface.co/api/resolve-cache/datasets/nguha/legalbench/daec8237410aa23e3faf4bc41ad8b3a7e1696826/README.md?%2Fdatasets%2Fnguha%2Flegalbench%2Fresolve%2Fmain%2FREADME.md=&etag=%229eceed7949ad880f7bfd78b50a27a6a98d22ba4b%22 "HTTP/1.1 200 OK"
INFO httpx: HTTP Request: HEAD https://huggingface.co/datasets/nguha/legalbench/resolve/daec8237410aa23e3faf4bc41ad8b3a7e1696826/legalbench.py "HTTP/1.1 404 Not Found"
INFO httpx: HTTP Request: HEAD https://s3.amazonaws.com/datasets.huggingface.co/datasets/datasets/nguha/legalbench/nguha/legalbench.py "HTTP/1.1 404 Not Found"
INFO httpx: HTTP Request: HEAD https://huggingface.co/datasets/nguha/legalbench/resolve/daec8237410aa23e3faf4bc41ad8b3a7e1696826/.huggingface.yaml "HTTP/1.1 404 Not Found"
INFO httpx: HTTP Request: GET https://datasets-server.huggingface.co/info?dataset=nguha/legalbench "HTTP/1.1 200 OK"
INFO httpx: HTTP Request: HEAD https://huggingface.co/datasets/nguha/legalbench/resolve/daec8237410aa23e3faf4bc41ad8b3a7e1696826/dataset_infos.json "HTTP/1.1 404 Not Found"
INFO httpx: HTTP Request: GET https://huggingface.co/api/datasets/nguha/legalbench/tree/daec8237410aa23e3faf4bc41ad8b3a7e1696826/data%2Flearned_hands_crime?recursive=false&expand=false "HTTP/1.1 200 OK"
INFO httpx: HTTP Request: HEAD https://huggingface.co/datasets/nguha/legalbench/resolve/main/README.md "HTTP/1.1 307 Temporary Redirect"
INFO httpx: HTTP Request: HEAD https://huggingface.co/api/resolve-cache/datasets/nguha/legalbench/daec8237410aa23e3faf4bc41ad8b3a7e1696826/README.md?%2Fdatasets%2Fnguha%2Flegalbench%2Fresolve%2Fmain%2FREADME.md=&etag=%229eceed7949ad880f7bfd78b50a27a6a98d22ba4b%22 "HTTP/1.1 200 OK"
INFO httpx: HTTP Request: HEAD https://huggingface.co/datasets/nguha/legalbench/resolve/daec8237410aa23e3faf4bc41ad8b3a7e1696826/legalbench.py "HTTP/1.1 404 Not Found"
INFO httpx: HTTP Request: HEAD https://s3.amazonaws.com/datasets.huggingface.co/datasets/datasets/nguha/legalbench/nguha/legalbench.py "HTTP/1.1 404 Not Found"
INFO httpx: HTTP Request: HEAD https://huggingface.co/datasets/nguha/legalbench/resolve/daec8237410aa23e3faf4bc41ad8b3a7e1696826/.huggingface.yaml "HTTP/1.1 404 Not Found"
INFO httpx: HTTP Request: GET https://datasets-server.huggingface.co/info?dataset=nguha/legalbench "HTTP/1.1 200 OK"
INFO httpx: HTTP Request: HEAD https://huggingface.co/datasets/nguha/legalbench/resolve/daec8237410aa23e3faf4bc41ad8b3a7e1696826/dataset_infos.json "HTTP/1.1 404 Not Found"
INFO httpx: HTTP Request: GET https://huggingface.co/api/datasets/nguha/legalbench/tree/daec8237410aa23e3faf4bc41ad8b3a7e1696826/data%2Fsupply_chain_disclosure_best_practice_audits?recursive=false&expand=false "HTTP/1.1 200 OK"
INFO httpx: HTTP Request: HEAD https://huggingface.co/datasets/nguha/legalbench/resolve/main/README.md "HTTP/1.1 307 Temporary Redirect"
INFO httpx: HTTP Request: HEAD https://huggingface.co/api/resolve-cache/datasets/nguha/legalbench/daec8237410aa23e3faf4bc41ad8b3a7e1696826/README.md?%2Fdatasets%2Fnguha%2Flegalbench%2Fresolve%2Fmain%2FREADME.md=&etag=%229eceed7949ad880f7bfd78b50a27a6a98d22ba4b%22 "HTTP/1.1 200 OK"
INFO httpx: HTTP Request: HEAD https://huggingface.co/datasets/nguha/legalbench/resolve/daec8237410aa23e3faf4bc41ad8b3a7e1696826/legalbench.py "HTTP/1.1 404 Not Found"
INFO httpx: HTTP Request: HEAD https://s3.amazonaws.com/datasets.huggingface.co/datasets/datasets/nguha/legalbench/nguha/legalbench.py "HTTP/1.1 404 Not Found"
INFO httpx: HTTP Request: HEAD https://huggingface.co/datasets/nguha/legalbench/resolve/daec8237410aa23e3faf4bc41ad8b3a7e1696826/.huggingface.yaml "HTTP/1.1 404 Not Found"
INFO httpx: HTTP Request: GET https://datasets-server.huggingface.co/info?dataset=nguha/legalbench "HTTP/1.1 200 OK"
INFO httpx: HTTP Request: HEAD https://huggingface.co/datasets/nguha/legalbench/resolve/daec8237410aa23e3faf4bc41ad8b3a7e1696826/dataset_infos.json "HTTP/1.1 404 Not Found"
INFO httpx: HTTP Request: GET https://huggingface.co/api/datasets/nguha/legalbench/tree/daec8237410aa23e3faf4bc41ad8b3a7e1696826/data%2Funfair_tos?recursive=false&expand=false "HTTP/1.1 200 OK"
INFO httpx: HTTP Request: HEAD https://huggingface.co/datasets/nguha/legalbench/resolve/main/README.md "HTTP/1.1 307 Temporary Redirect"
INFO httpx: HTTP Request: HEAD https://huggingface.co/api/resolve-cache/datasets/nguha/legalbench/daec8237410aa23e3faf4bc41ad8b3a7e1696826/README.md?%2Fdatasets%2Fnguha%2Flegalbench%2Fresolve%2Fmain%2FREADME.md=&etag=%229eceed7949ad880f7bfd78b50a27a6a98d22ba4b%22 "HTTP/1.1 200 OK"
INFO httpx: HTTP Request: HEAD https://huggingface.co/datasets/nguha/legalbench/resolve/daec8237410aa23e3faf4bc41ad8b3a7e1696826/legalbench.py "HTTP/1.1 404 Not Found"
INFO httpx: HTTP Request: HEAD https://s3.amazonaws.com/datasets.huggingface.co/datasets/datasets/nguha/legalbench/nguha/legalbench.py "HTTP/1.1 404 Not Found"
INFO httpx: HTTP Request: HEAD https://huggingface.co/datasets/nguha/legalbench/resolve/daec8237410aa23e3faf4bc41ad8b3a7e1696826/.huggingface.yaml "HTTP/1.1 404 Not Found"
INFO httpx: HTTP Request: GET https://datasets-server.huggingface.co/info?dataset=nguha/legalbench "HTTP/1.1 200 OK"
INFO httpx: HTTP Request: HEAD https://huggingface.co/datasets/nguha/legalbench/resolve/daec8237410aa23e3faf4bc41ad8b3a7e1696826/dataset_infos.json "HTTP/1.1 404 Not Found"
INFO httpx: HTTP Request: GET https://huggingface.co/api/datasets/nguha/legalbench/tree/daec8237410aa23e3faf4bc41ad8b3a7e1696826/data%2Fcuad_cap_on_liability?recursive=false&expand=false "HTTP/1.1 200 OK"
INFO httpx: HTTP Request: HEAD https://huggingface.co/datasets/nguha/legalbench/resolve/main/README.md "HTTP/1.1 307 Temporary Redirect"
INFO httpx: HTTP Request: HEAD https://huggingface.co/api/resolve-cache/datasets/nguha/legalbench/daec8237410aa23e3faf4bc41ad8b3a7e1696826/README.md?%2Fdatasets%2Fnguha%2Flegalbench%2Fresolve%2Fmain%2FREADME.md=&etag=%229eceed7949ad880f7bfd78b50a27a6a98d22ba4b%22 "HTTP/1.1 200 OK"
INFO httpx: HTTP Request: HEAD https://huggingface.co/datasets/nguha/legalbench/resolve/daec8237410aa23e3faf4bc41ad8b3a7e1696826/legalbench.py "HTTP/1.1 404 Not Found"
INFO httpx: HTTP Request: HEAD https://s3.amazonaws.com/datasets.huggingface.co/datasets/datasets/nguha/legalbench/nguha/legalbench.py "HTTP/1.1 404 Not Found"
INFO httpx: HTTP Request: HEAD https://huggingface.co/datasets/nguha/legalbench/resolve/daec8237410aa23e3faf4bc41ad8b3a7e1696826/.huggingface.yaml "HTTP/1.1 404 Not Found"
INFO httpx: HTTP Request: GET https://datasets-server.huggingface.co/info?dataset=nguha/legalbench "HTTP/1.1 200 OK"
INFO httpx: HTTP Request: HEAD https://huggingface.co/datasets/nguha/legalbench/resolve/daec8237410aa23e3faf4bc41ad8b3a7e1696826/dataset_infos.json "HTTP/1.1 404 Not Found"
INFO httpx: HTTP Request: GET https://huggingface.co/api/datasets/nguha/legalbench/tree/daec8237410aa23e3faf4bc41ad8b3a7e1696826/data%2Fopp115_first_party_collection_use?recursive=false&expand=false "HTTP/1.1 200 OK"
INFO httpx: HTTP Request: HEAD https://huggingface.co/datasets/nguha/legalbench/resolve/main/README.md "HTTP/1.1 307 Temporary Redirect"
INFO httpx: HTTP Request: HEAD https://huggingface.co/api/resolve-cache/datasets/nguha/legalbench/daec8237410aa23e3faf4bc41ad8b3a7e1696826/README.md?%2Fdatasets%2Fnguha%2Flegalbench%2Fresolve%2Fmain%2FREADME.md=&etag=%229eceed7949ad880f7bfd78b50a27a6a98d22ba4b%22 "HTTP/1.1 200 OK"
INFO httpx: HTTP Request: HEAD https://huggingface.co/datasets/nguha/legalbench/resolve/daec8237410aa23e3faf4bc41ad8b3a7e1696826/legalbench.py "HTTP/1.1 404 Not Found"
INFO httpx: HTTP Request: HEAD https://s3.amazonaws.com/datasets.huggingface.co/datasets/datasets/nguha/legalbench/nguha/legalbench.py "HTTP/1.1 404 Not Found"
INFO httpx: HTTP Request: HEAD https://huggingface.co/datasets/nguha/legalbench/resolve/daec8237410aa23e3faf4bc41ad8b3a7e1696826/.huggingface.yaml "HTTP/1.1 404 Not Found"
INFO httpx: HTTP Request: GET https://datasets-server.huggingface.co/info?dataset=nguha/legalbench "HTTP/1.1 200 OK"
INFO httpx: HTTP Request: HEAD https://huggingface.co/datasets/nguha/legalbench/resolve/daec8237410aa23e3faf4bc41ad8b3a7e1696826/dataset_infos.json "HTTP/1.1 404 Not Found"
INFO httpx: HTTP Request: GET https://huggingface.co/api/datasets/nguha/legalbench/tree/daec8237410aa23e3faf4bc41ad8b3a7e1696826/data%2Flearned_hands_employment?recursive=false&expand=false "HTTP/1.1 200 OK"
INFO httpx: HTTP Request: HEAD https://huggingface.co/datasets/nguha/legalbench/resolve/main/README.md "HTTP/1.1 307 Temporary Redirect"
INFO httpx: HTTP Request: HEAD https://huggingface.co/api/resolve-cache/datasets/nguha/legalbench/daec8237410aa23e3faf4bc41ad8b3a7e1696826/README.md?%2Fdatasets%2Fnguha%2Flegalbench%2Fresolve%2Fmain%2FREADME.md=&etag=%229eceed7949ad880f7bfd78b50a27a6a98d22ba4b%22 "HTTP/1.1 200 OK"
INFO httpx: HTTP Request: HEAD https://huggingface.co/datasets/nguha/legalbench/resolve/daec8237410aa23e3faf4bc41ad8b3a7e1696826/legalbench.py "HTTP/1.1 404 Not Found"
INFO httpx: HTTP Request: HEAD https://s3.amazonaws.com/datasets.huggingface.co/datasets/datasets/nguha/legalbench/nguha/legalbench.py "HTTP/1.1 404 Not Found"
INFO httpx: HTTP Request: HEAD https://huggingface.co/datasets/nguha/legalbench/resolve/daec8237410aa23e3faf4bc41ad8b3a7e1696826/.huggingface.yaml "HTTP/1.1 404 Not Found"
INFO httpx: HTTP Request: GET https://datasets-server.huggingface.co/info?dataset=nguha/legalbench "HTTP/1.1 200 OK"
INFO httpx: HTTP Request: HEAD https://huggingface.co/datasets/nguha/legalbench/resolve/daec8237410aa23e3faf4bc41ad8b3a7e1696826/dataset_infos.json "HTTP/1.1 404 Not Found"
INFO httpx: HTTP Request: GET https://huggingface.co/api/datasets/nguha/legalbench/tree/daec8237410aa23e3faf4bc41ad8b3a7e1696826/data%2Fsupply_chain_disclosure_best_practice_certification?recursive=false&expand=false "HTTP/1.1 200 OK"
INFO httpx: HTTP Request: HEAD https://huggingface.co/datasets/nguha/legalbench/resolve/main/README.md "HTTP/1.1 307 Temporary Redirect"
INFO httpx: HTTP Request: HEAD https://huggingface.co/api/resolve-cache/datasets/nguha/legalbench/daec8237410aa23e3faf4bc41ad8b3a7e1696826/README.md?%2Fdatasets%2Fnguha%2Flegalbench%2Fresolve%2Fmain%2FREADME.md=&etag=%229eceed7949ad880f7bfd78b50a27a6a98d22ba4b%22 "HTTP/1.1 200 OK"
INFO httpx: HTTP Request: HEAD https://huggingface.co/datasets/nguha/legalbench/resolve/daec8237410aa23e3faf4bc41ad8b3a7e1696826/legalbench.py "HTTP/1.1 404 Not Found"
INFO httpx: HTTP Request: HEAD https://s3.amazonaws.com/datasets.huggingface.co/datasets/datasets/nguha/legalbench/nguha/legalbench.py "HTTP/1.1 404 Not Found"
INFO httpx: HTTP Request: HEAD https://huggingface.co/datasets/nguha/legalbench/resolve/daec8237410aa23e3faf4bc41ad8b3a7e1696826/.huggingface.yaml "HTTP/1.1 404 Not Found"
INFO httpx: HTTP Request: GET https://datasets-server.huggingface.co/info?dataset=nguha/legalbench "HTTP/1.1 200 OK"
INFO httpx: HTTP Request: HEAD https://huggingface.co/datasets/nguha/legalbench/resolve/daec8237410aa23e3faf4bc41ad8b3a7e1696826/dataset_infos.json "HTTP/1.1 404 Not Found"
INFO httpx: HTTP Request: GET https://huggingface.co/api/datasets/nguha/legalbench/tree/daec8237410aa23e3faf4bc41ad8b3a7e1696826/data%2Fcuad_change_of_control?recursive=false&expand=false "HTTP/1.1 200 OK"
INFO httpx: HTTP Request: HEAD https://huggingface.co/datasets/nguha/legalbench/resolve/main/README.md "HTTP/1.1 307 Temporary Redirect"
INFO httpx: HTTP Request: HEAD https://huggingface.co/api/resolve-cache/datasets/nguha/legalbench/daec8237410aa23e3faf4bc41ad8b3a7e1696826/README.md?%2Fdatasets%2Fnguha%2Flegalbench%2Fresolve%2Fmain%2FREADME.md=&etag=%229eceed7949ad880f7bfd78b50a27a6a98d22ba4b%22 "HTTP/1.1 200 OK"
INFO httpx: HTTP Request: HEAD https://huggingface.co/datasets/nguha/legalbench/resolve/daec8237410aa23e3faf4bc41ad8b3a7e1696826/legalbench.py "HTTP/1.1 404 Not Found"
INFO httpx: HTTP Request: HEAD https://s3.amazonaws.com/datasets.huggingface.co/datasets/datasets/nguha/legalbench/nguha/legalbench.py "HTTP/1.1 404 Not Found"
INFO httpx: HTTP Request: HEAD https://huggingface.co/datasets/nguha/legalbench/resolve/daec8237410aa23e3faf4bc41ad8b3a7e1696826/.huggingface.yaml "HTTP/1.1 404 Not Found"
INFO httpx: HTTP Request: GET https://datasets-server.huggingface.co/info?dataset=nguha/legalbench "HTTP/1.1 200 OK"
INFO httpx: HTTP Request: HEAD https://huggingface.co/datasets/nguha/legalbench/resolve/daec8237410aa23e3faf4bc41ad8b3a7e1696826/dataset_infos.json "HTTP/1.1 404 Not Found"
INFO httpx: HTTP Request: GET https://huggingface.co/api/datasets/nguha/legalbench/tree/daec8237410aa23e3faf4bc41ad8b3a7e1696826/data%2Fopp115_international_and_specific_audiences?recursive=false&expand=false "HTTP/1.1 200 OK"
INFO httpx: HTTP Request: HEAD https://huggingface.co/datasets/nguha/legalbench/resolve/main/README.md "HTTP/1.1 307 Temporary Redirect"
INFO httpx: HTTP Request: HEAD https://huggingface.co/api/resolve-cache/datasets/nguha/legalbench/daec8237410aa23e3faf4bc41ad8b3a7e1696826/README.md?%2Fdatasets%2Fnguha%2Flegalbench%2Fresolve%2Fmain%2FREADME.md=&etag=%229eceed7949ad880f7bfd78b50a27a6a98d22ba4b%22 "HTTP/1.1 200 OK"
INFO httpx: HTTP Request: HEAD https://huggingface.co/datasets/nguha/legalbench/resolve/daec8237410aa23e3faf4bc41ad8b3a7e1696826/legalbench.py "HTTP/1.1 404 Not Found"
INFO httpx: HTTP Request: HEAD https://s3.amazonaws.com/datasets.huggingface.co/datasets/datasets/nguha/legalbench/nguha/legalbench.py "HTTP/1.1 404 Not Found"
INFO httpx: HTTP Request: HEAD https://huggingface.co/datasets/nguha/legalbench/resolve/daec8237410aa23e3faf4bc41ad8b3a7e1696826/.huggingface.yaml "HTTP/1.1 404 Not Found"
INFO httpx: HTTP Request: GET https://datasets-server.huggingface.co/info?dataset=nguha/legalbench "HTTP/1.1 200 OK"
INFO httpx: HTTP Request: HEAD https://huggingface.co/datasets/nguha/legalbench/resolve/daec8237410aa23e3faf4bc41ad8b3a7e1696826/dataset_infos.json "HTTP/1.1 404 Not Found"
INFO httpx: HTTP Request: GET https://huggingface.co/api/datasets/nguha/legalbench/tree/daec8237410aa23e3faf4bc41ad8b3a7e1696826/data%2Flearned_hands_family?recursive=false&expand=false "HTTP/1.1 200 OK"
INFO httpx: HTTP Request: HEAD https://huggingface.co/datasets/nguha/legalbench/resolve/main/README.md "HTTP/1.1 307 Temporary Redirect"
INFO httpx: HTTP Request: HEAD https://huggingface.co/api/resolve-cache/datasets/nguha/legalbench/daec8237410aa23e3faf4bc41ad8b3a7e1696826/README.md?%2Fdatasets%2Fnguha%2Flegalbench%2Fresolve%2Fmain%2FREADME.md=&etag=%229eceed7949ad880f7bfd78b50a27a6a98d22ba4b%22 "HTTP/1.1 200 OK"
INFO httpx: HTTP Request: HEAD https://huggingface.co/datasets/nguha/legalbench/resolve/daec8237410aa23e3faf4bc41ad8b3a7e1696826/legalbench.py "HTTP/1.1 404 Not Found"
INFO httpx: HTTP Request: HEAD https://s3.amazonaws.com/datasets.huggingface.co/datasets/datasets/nguha/legalbench/nguha/legalbench.py "HTTP/1.1 404 Not Found"
INFO httpx: HTTP Request: HEAD https://huggingface.co/datasets/nguha/legalbench/resolve/daec8237410aa23e3faf4bc41ad8b3a7e1696826/.huggingface.yaml "HTTP/1.1 404 Not Found"
INFO httpx: HTTP Request: GET https://datasets-server.huggingface.co/info?dataset=nguha/legalbench "HTTP/1.1 200 OK"
INFO httpx: HTTP Request: HEAD https://huggingface.co/datasets/nguha/legalbench/resolve/daec8237410aa23e3faf4bc41ad8b3a7e1696826/dataset_infos.json "HTTP/1.1 404 Not Found"
INFO httpx: HTTP Request: GET https://huggingface.co/api/datasets/nguha/legalbench/tree/daec8237410aa23e3faf4bc41ad8b3a7e1696826/data%2Fsupply_chain_disclosure_best_practice_training?recursive=false&expand=false "HTTP/1.1 200 OK"
INFO httpx: HTTP Request: HEAD https://huggingface.co/datasets/nguha/legalbench/resolve/main/README.md "HTTP/1.1 307 Temporary Redirect"
INFO httpx: HTTP Request: HEAD https://huggingface.co/api/resolve-cache/datasets/nguha/legalbench/daec8237410aa23e3faf4bc41ad8b3a7e1696826/README.md?%2Fdatasets%2Fnguha%2Flegalbench%2Fresolve%2Fmain%2FREADME.md=&etag=%229eceed7949ad880f7bfd78b50a27a6a98d22ba4b%22 "HTTP/1.1 200 OK"
INFO httpx: HTTP Request: HEAD https://huggingface.co/datasets/nguha/legalbench/resolve/daec8237410aa23e3faf4bc41ad8b3a7e1696826/legalbench.py "HTTP/1.1 404 Not Found"
INFO httpx: HTTP Request: HEAD https://s3.amazonaws.com/datasets.huggingface.co/datasets/datasets/nguha/legalbench/nguha/legalbench.py "HTTP/1.1 404 Not Found"
INFO httpx: HTTP Request: HEAD https://huggingface.co/datasets/nguha/legalbench/resolve/daec8237410aa23e3faf4bc41ad8b3a7e1696826/.huggingface.yaml "HTTP/1.1 404 Not Found"
INFO httpx: HTTP Request: GET https://datasets-server.huggingface.co/info?dataset=nguha/legalbench "HTTP/1.1 200 OK"
INFO httpx: HTTP Request: HEAD https://huggingface.co/datasets/nguha/legalbench/resolve/daec8237410aa23e3faf4bc41ad8b3a7e1696826/dataset_infos.json "HTTP/1.1 404 Not Found"
INFO httpx: HTTP Request: GET https://huggingface.co/api/datasets/nguha/legalbench/tree/daec8237410aa23e3faf4bc41ad8b3a7e1696826/data%2Fcuad_covenant_not_to_sue?recursive=false&expand=false "HTTP/1.1 200 OK"
INFO httpx: HTTP Request: HEAD https://huggingface.co/datasets/nguha/legalbench/resolve/main/README.md "HTTP/1.1 307 Temporary Redirect"
INFO httpx: HTTP Request: HEAD https://huggingface.co/api/resolve-cache/datasets/nguha/legalbench/daec8237410aa23e3faf4bc41ad8b3a7e1696826/README.md?%2Fdatasets%2Fnguha%2Flegalbench%2Fresolve%2Fmain%2FREADME.md=&etag=%229eceed7949ad880f7bfd78b50a27a6a98d22ba4b%22 "HTTP/1.1 200 OK"
INFO httpx: HTTP Request: HEAD https://huggingface.co/datasets/nguha/legalbench/resolve/daec8237410aa23e3faf4bc41ad8b3a7e1696826/legalbench.py "HTTP/1.1 404 Not Found"
INFO httpx: HTTP Request: HEAD https://s3.amazonaws.com/datasets.huggingface.co/datasets/datasets/nguha/legalbench/nguha/legalbench.py "HTTP/1.1 404 Not Found"
INFO httpx: HTTP Request: HEAD https://huggingface.co/datasets/nguha/legalbench/resolve/daec8237410aa23e3faf4bc41ad8b3a7e1696826/.huggingface.yaml "HTTP/1.1 404 Not Found"
INFO httpx: HTTP Request: GET https://datasets-server.huggingface.co/info?dataset=nguha/legalbench "HTTP/1.1 200 OK"
INFO httpx: HTTP Request: HEAD https://huggingface.co/datasets/nguha/legalbench/resolve/daec8237410aa23e3faf4bc41ad8b3a7e1696826/dataset_infos.json "HTTP/1.1 404 Not Found"
INFO httpx: HTTP Request: GET https://huggingface.co/api/datasets/nguha/legalbench/tree/daec8237410aa23e3faf4bc41ad8b3a7e1696826/data%2Fopp115_policy_change?recursive=false&expand=false "HTTP/1.1 200 OK"
INFO httpx: HTTP Request: HEAD https://huggingface.co/datasets/nguha/legalbench/resolve/main/README.md "HTTP/1.1 307 Temporary Redirect"
INFO httpx: HTTP Request: HEAD https://huggingface.co/api/resolve-cache/datasets/nguha/legalbench/daec8237410aa23e3faf4bc41ad8b3a7e1696826/README.md?%2Fdatasets%2Fnguha%2Flegalbench%2Fresolve%2Fmain%2FREADME.md=&etag=%229eceed7949ad880f7bfd78b50a27a6a98d22ba4b%22 "HTTP/1.1 200 OK"
INFO httpx: HTTP Request: HEAD https://huggingface.co/datasets/nguha/legalbench/resolve/daec8237410aa23e3faf4bc41ad8b3a7e1696826/legalbench.py "HTTP/1.1 404 Not Found"
INFO httpx: HTTP Request: HEAD https://s3.amazonaws.com/datasets.huggingface.co/datasets/datasets/nguha/legalbench/nguha/legalbench.py "HTTP/1.1 404 Not Found"
INFO httpx: HTTP Request: HEAD https://huggingface.co/datasets/nguha/legalbench/resolve/daec8237410aa23e3faf4bc41ad8b3a7e1696826/.huggingface.yaml "HTTP/1.1 404 Not Found"
INFO httpx: HTTP Request: GET https://datasets-server.huggingface.co/info?dataset=nguha/legalbench "HTTP/1.1 200 OK"
INFO httpx: HTTP Request: HEAD https://huggingface.co/datasets/nguha/legalbench/resolve/daec8237410aa23e3faf4bc41ad8b3a7e1696826/dataset_infos.json "HTTP/1.1 404 Not Found"
INFO httpx: HTTP Request: GET https://huggingface.co/api/datasets/nguha/legalbench/tree/daec8237410aa23e3faf4bc41ad8b3a7e1696826/data%2Flearned_hands_housing?recursive=false&expand=false "HTTP/1.1 200 OK"
INFO httpx: HTTP Request: HEAD https://huggingface.co/datasets/nguha/legalbench/resolve/main/README.md "HTTP/1.1 307 Temporary Redirect"
INFO httpx: HTTP Request: HEAD https://huggingface.co/api/resolve-cache/datasets/nguha/legalbench/daec8237410aa23e3faf4bc41ad8b3a7e1696826/README.md?%2Fdatasets%2Fnguha%2Flegalbench%2Fresolve%2Fmain%2FREADME.md=&etag=%229eceed7949ad880f7bfd78b50a27a6a98d22ba4b%22 "HTTP/1.1 200 OK"
INFO httpx: HTTP Request: HEAD https://huggingface.co/datasets/nguha/legalbench/resolve/daec8237410aa23e3faf4bc41ad8b3a7e1696826/legalbench.py "HTTP/1.1 404 Not Found"
INFO httpx: HTTP Request: HEAD https://s3.amazonaws.com/datasets.huggingface.co/datasets/datasets/nguha/legalbench/nguha/legalbench.py "HTTP/1.1 404 Not Found"
INFO httpx: HTTP Request: HEAD https://huggingface.co/datasets/nguha/legalbench/resolve/daec8237410aa23e3faf4bc41ad8b3a7e1696826/.huggingface.yaml "HTTP/1.1 404 Not Found"
INFO httpx: HTTP Request: GET https://datasets-server.huggingface.co/info?dataset=nguha/legalbench "HTTP/1.1 200 OK"
INFO httpx: HTTP Request: HEAD https://huggingface.co/datasets/nguha/legalbench/resolve/daec8237410aa23e3faf4bc41ad8b3a7e1696826/dataset_infos.json "HTTP/1.1 404 Not Found"
INFO httpx: HTTP Request: GET https://huggingface.co/api/datasets/nguha/legalbench/tree/daec8237410aa23e3faf4bc41ad8b3a7e1696826/data%2Fsupply_chain_disclosure_best_practice_verification?recursive=false&expand=false "HTTP/1.1 200 OK"
INFO httpx: HTTP Request: HEAD https://huggingface.co/datasets/nguha/legalbench/resolve/main/README.md "HTTP/1.1 307 Temporary Redirect"
INFO httpx: HTTP Request: HEAD https://huggingface.co/api/resolve-cache/datasets/nguha/legalbench/daec8237410aa23e3faf4bc41ad8b3a7e1696826/README.md?%2Fdatasets%2Fnguha%2Flegalbench%2Fresolve%2Fmain%2FREADME.md=&etag=%229eceed7949ad880f7bfd78b50a27a6a98d22ba4b%22 "HTTP/1.1 200 OK"
INFO httpx: HTTP Request: HEAD https://huggingface.co/datasets/nguha/legalbench/resolve/daec8237410aa23e3faf4bc41ad8b3a7e1696826/legalbench.py "HTTP/1.1 404 Not Found"
INFO httpx: HTTP Request: HEAD https://s3.amazonaws.com/datasets.huggingface.co/datasets/datasets/nguha/legalbench/nguha/legalbench.py "HTTP/1.1 404 Not Found"
INFO httpx: HTTP Request: HEAD https://huggingface.co/datasets/nguha/legalbench/resolve/daec8237410aa23e3faf4bc41ad8b3a7e1696826/.huggingface.yaml "HTTP/1.1 404 Not Found"
INFO httpx: HTTP Request: GET https://datasets-server.huggingface.co/info?dataset=nguha/legalbench "HTTP/1.1 200 OK"
INFO httpx: HTTP Request: HEAD https://huggingface.co/datasets/nguha/legalbench/resolve/daec8237410aa23e3faf4bc41ad8b3a7e1696826/dataset_infos.json "HTTP/1.1 404 Not Found"
INFO httpx: HTTP Request: GET https://huggingface.co/api/datasets/nguha/legalbench/tree/daec8237410aa23e3faf4bc41ad8b3a7e1696826/data%2Fcuad_exclusivity?recursive=false&expand=false "HTTP/1.1 200 OK"
INFO httpx: HTTP Request: HEAD https://huggingface.co/datasets/nguha/legalbench/resolve/main/README.md "HTTP/1.1 307 Temporary Redirect"
INFO httpx: HTTP Request: HEAD https://huggingface.co/api/resolve-cache/datasets/nguha/legalbench/daec8237410aa23e3faf4bc41ad8b3a7e1696826/README.md?%2Fdatasets%2Fnguha%2Flegalbench%2Fresolve%2Fmain%2FREADME.md=&etag=%229eceed7949ad880f7bfd78b50a27a6a98d22ba4b%22 "HTTP/1.1 200 OK"
INFO httpx: HTTP Request: HEAD https://huggingface.co/datasets/nguha/legalbench/resolve/daec8237410aa23e3faf4bc41ad8b3a7e1696826/legalbench.py "HTTP/1.1 404 Not Found"
INFO httpx: HTTP Request: HEAD https://s3.amazonaws.com/datasets.huggingface.co/datasets/datasets/nguha/legalbench/nguha/legalbench.py "HTTP/1.1 404 Not Found"
INFO httpx: HTTP Request: HEAD https://huggingface.co/datasets/nguha/legalbench/resolve/daec8237410aa23e3faf4bc41ad8b3a7e1696826/.huggingface.yaml "HTTP/1.1 404 Not Found"
INFO httpx: HTTP Request: GET https://datasets-server.huggingface.co/info?dataset=nguha/legalbench "HTTP/1.1 200 OK"
INFO httpx: HTTP Request: HEAD https://huggingface.co/datasets/nguha/legalbench/resolve/daec8237410aa23e3faf4bc41ad8b3a7e1696826/dataset_infos.json "HTTP/1.1 404 Not Found"
INFO httpx: HTTP Request: GET https://huggingface.co/api/datasets/nguha/legalbench/tree/daec8237410aa23e3faf4bc41ad8b3a7e1696826/data%2Fopp115_third_party_sharing_collection?recursive=false&expand=false "HTTP/1.1 200 OK"
INFO httpx: HTTP Request: HEAD https://huggingface.co/datasets/nguha/legalbench/resolve/main/README.md "HTTP/1.1 307 Temporary Redirect"
INFO httpx: HTTP Request: HEAD https://huggingface.co/api/resolve-cache/datasets/nguha/legalbench/daec8237410aa23e3faf4bc41ad8b3a7e1696826/README.md?%2Fdatasets%2Fnguha%2Flegalbench%2Fresolve%2Fmain%2FREADME.md=&etag=%229eceed7949ad880f7bfd78b50a27a6a98d22ba4b%22 "HTTP/1.1 200 OK"
INFO httpx: HTTP Request: HEAD https://huggingface.co/datasets/nguha/legalbench/resolve/daec8237410aa23e3faf4bc41ad8b3a7e1696826/legalbench.py "HTTP/1.1 404 Not Found"
INFO httpx: HTTP Request: HEAD https://s3.amazonaws.com/datasets.huggingface.co/datasets/datasets/nguha/legalbench/nguha/legalbench.py "HTTP/1.1 404 Not Found"
INFO httpx: HTTP Request: HEAD https://huggingface.co/datasets/nguha/legalbench/resolve/daec8237410aa23e3faf4bc41ad8b3a7e1696826/.huggingface.yaml "HTTP/1.1 404 Not Found"
INFO httpx: HTTP Request: GET https://datasets-server.huggingface.co/info?dataset=nguha/legalbench "HTTP/1.1 200 OK"
INFO httpx: HTTP Request: HEAD https://huggingface.co/datasets/nguha/legalbench/resolve/daec8237410aa23e3faf4bc41ad8b3a7e1696826/dataset_infos.json "HTTP/1.1 404 Not Found"
INFO httpx: HTTP Request: GET https://huggingface.co/api/datasets/nguha/legalbench/tree/daec8237410aa23e3faf4bc41ad8b3a7e1696826/data%2Flearned_hands_torts?recursive=false&expand=false "HTTP/1.1 200 OK"
INFO httpx: HTTP Request: HEAD https://huggingface.co/datasets/nguha/legalbench/resolve/main/README.md "HTTP/1.1 307 Temporary Redirect"
INFO httpx: HTTP Request: HEAD https://huggingface.co/api/resolve-cache/datasets/nguha/legalbench/daec8237410aa23e3faf4bc41ad8b3a7e1696826/README.md?%2Fdatasets%2Fnguha%2Flegalbench%2Fresolve%2Fmain%2FREADME.md=&etag=%229eceed7949ad880f7bfd78b50a27a6a98d22ba4b%22 "HTTP/1.1 200 OK"
INFO httpx: HTTP Request: HEAD https://huggingface.co/datasets/nguha/legalbench/resolve/daec8237410aa23e3faf4bc41ad8b3a7e1696826/legalbench.py "HTTP/1.1 404 Not Found"
INFO httpx: HTTP Request: HEAD https://s3.amazonaws.com/datasets.huggingface.co/datasets/datasets/nguha/legalbench/nguha/legalbench.py "HTTP/1.1 404 Not Found"
INFO httpx: HTTP Request: HEAD https://huggingface.co/datasets/nguha/legalbench/resolve/daec8237410aa23e3faf4bc41ad8b3a7e1696826/.huggingface.yaml "HTTP/1.1 404 Not Found"
INFO httpx: HTTP Request: GET https://datasets-server.huggingface.co/info?dataset=nguha/legalbench "HTTP/1.1 200 OK"
INFO httpx: HTTP Request: HEAD https://huggingface.co/datasets/nguha/legalbench/resolve/daec8237410aa23e3faf4bc41ad8b3a7e1696826/dataset_infos.json "HTTP/1.1 404 Not Found"
INFO httpx: HTTP Request: GET https://huggingface.co/api/datasets/nguha/legalbench/tree/daec8237410aa23e3faf4bc41ad8b3a7e1696826/data%2Fsupply_chain_disclosure_disclosed_accountability?recursive=false&expand=false "HTTP/1.1 200 OK"
INFO httpx: HTTP Request: HEAD https://huggingface.co/datasets/nguha/legalbench/resolve/main/README.md "HTTP/1.1 307 Temporary Redirect"
INFO httpx: HTTP Request: HEAD https://huggingface.co/api/resolve-cache/datasets/nguha/legalbench/daec8237410aa23e3faf4bc41ad8b3a7e1696826/README.md?%2Fdatasets%2Fnguha%2Flegalbench%2Fresolve%2Fmain%2FREADME.md=&etag=%229eceed7949ad880f7bfd78b50a27a6a98d22ba4b%22 "HTTP/1.1 200 OK"
INFO httpx: HTTP Request: HEAD https://huggingface.co/datasets/nguha/legalbench/resolve/daec8237410aa23e3faf4bc41ad8b3a7e1696826/legalbench.py "HTTP/1.1 404 Not Found"
INFO httpx: HTTP Request: HEAD https://s3.amazonaws.com/datasets.huggingface.co/datasets/datasets/nguha/legalbench/nguha/legalbench.py "HTTP/1.1 404 Not Found"
INFO httpx: HTTP Request: HEAD https://huggingface.co/datasets/nguha/legalbench/resolve/daec8237410aa23e3faf4bc41ad8b3a7e1696826/.huggingface.yaml "HTTP/1.1 404 Not Found"
INFO httpx: HTTP Request: GET https://datasets-server.huggingface.co/info?dataset=nguha/legalbench "HTTP/1.1 200 OK"
INFO httpx: HTTP Request: HEAD https://huggingface.co/datasets/nguha/legalbench/resolve/daec8237410aa23e3faf4bc41ad8b3a7e1696826/dataset_infos.json "HTTP/1.1 404 Not Found"
INFO httpx: HTTP Request: GET https://huggingface.co/api/datasets/nguha/legalbench/tree/daec8237410aa23e3faf4bc41ad8b3a7e1696826/data%2Fcuad_expiration_date?recursive=false&expand=false "HTTP/1.1 200 OK"
INFO httpx: HTTP Request: HEAD https://huggingface.co/datasets/nguha/legalbench/resolve/main/README.md "HTTP/1.1 307 Temporary Redirect"
INFO httpx: HTTP Request: HEAD https://huggingface.co/api/resolve-cache/datasets/nguha/legalbench/daec8237410aa23e3faf4bc41ad8b3a7e1696826/README.md?%2Fdatasets%2Fnguha%2Flegalbench%2Fresolve%2Fmain%2FREADME.md=&etag=%229eceed7949ad880f7bfd78b50a27a6a98d22ba4b%22 "HTTP/1.1 200 OK"
INFO httpx: HTTP Request: HEAD https://huggingface.co/datasets/nguha/legalbench/resolve/daec8237410aa23e3faf4bc41ad8b3a7e1696826/legalbench.py "HTTP/1.1 404 Not Found"
INFO httpx: HTTP Request: HEAD https://s3.amazonaws.com/datasets.huggingface.co/datasets/datasets/nguha/legalbench/nguha/legalbench.py "HTTP/1.1 404 Not Found"
INFO httpx: HTTP Request: HEAD https://huggingface.co/datasets/nguha/legalbench/resolve/daec8237410aa23e3faf4bc41ad8b3a7e1696826/.huggingface.yaml "HTTP/1.1 404 Not Found"
INFO httpx: HTTP Request: GET https://datasets-server.huggingface.co/info?dataset=nguha/legalbench "HTTP/1.1 200 OK"
INFO httpx: HTTP Request: HEAD https://huggingface.co/datasets/nguha/legalbench/resolve/daec8237410aa23e3faf4bc41ad8b3a7e1696826/dataset_infos.json "HTTP/1.1 404 Not Found"
INFO httpx: HTTP Request: GET https://huggingface.co/api/datasets/nguha/legalbench/tree/daec8237410aa23e3faf4bc41ad8b3a7e1696826/data%2Fopp115_user_access%2C_edit_and_deletion?recursive=false&expand=false "HTTP/1.1 200 OK"
INFO httpx: HTTP Request: HEAD https://huggingface.co/datasets/nguha/legalbench/resolve/main/README.md "HTTP/1.1 307 Temporary Redirect"
INFO httpx: HTTP Request: HEAD https://huggingface.co/api/resolve-cache/datasets/nguha/legalbench/daec8237410aa23e3faf4bc41ad8b3a7e1696826/README.md?%2Fdatasets%2Fnguha%2Flegalbench%2Fresolve%2Fmain%2FREADME.md=&etag=%229eceed7949ad880f7bfd78b50a27a6a98d22ba4b%22 "HTTP/1.1 200 OK"
INFO httpx: HTTP Request: HEAD https://huggingface.co/datasets/nguha/legalbench/resolve/daec8237410aa23e3faf4bc41ad8b3a7e1696826/legalbench.py "HTTP/1.1 404 Not Found"
INFO httpx: HTTP Request: HEAD https://s3.amazonaws.com/datasets.huggingface.co/datasets/datasets/nguha/legalbench/nguha/legalbench.py "HTTP/1.1 404 Not Found"
INFO httpx: HTTP Request: HEAD https://huggingface.co/datasets/nguha/legalbench/resolve/daec8237410aa23e3faf4bc41ad8b3a7e1696826/.huggingface.yaml "HTTP/1.1 404 Not Found"
INFO httpx: HTTP Request: GET https://datasets-server.huggingface.co/info?dataset=nguha/legalbench "HTTP/1.1 200 OK"
INFO httpx: HTTP Request: HEAD https://huggingface.co/datasets/nguha/legalbench/resolve/daec8237410aa23e3faf4bc41ad8b3a7e1696826/dataset_infos.json "HTTP/1.1 404 Not Found"
INFO httpx: HTTP Request: GET https://huggingface.co/api/datasets/nguha/legalbench/tree/daec8237410aa23e3faf4bc41ad8b3a7e1696826/data%2Fhearsay?recursive=false&expand=false "HTTP/1.1 200 OK"
INFO httpx: HTTP Request: HEAD https://huggingface.co/datasets/nguha/legalbench/resolve/main/README.md "HTTP/1.1 307 Temporary Redirect"
INFO httpx: HTTP Request: HEAD https://huggingface.co/api/resolve-cache/datasets/nguha/legalbench/daec8237410aa23e3faf4bc41ad8b3a7e1696826/README.md?%2Fdatasets%2Fnguha%2Flegalbench%2Fresolve%2Fmain%2FREADME.md=&etag=%229eceed7949ad880f7bfd78b50a27a6a98d22ba4b%22 "HTTP/1.1 200 OK"
INFO httpx: HTTP Request: HEAD https://huggingface.co/datasets/nguha/legalbench/resolve/daec8237410aa23e3faf4bc41ad8b3a7e1696826/legalbench.py "HTTP/1.1 404 Not Found"
INFO httpx: HTTP Request: HEAD https://s3.amazonaws.com/datasets.huggingface.co/datasets/datasets/nguha/legalbench/nguha/legalbench.py "HTTP/1.1 404 Not Found"
INFO httpx: HTTP Request: HEAD https://huggingface.co/datasets/nguha/legalbench/resolve/daec8237410aa23e3faf4bc41ad8b3a7e1696826/.huggingface.yaml "HTTP/1.1 404 Not Found"
INFO httpx: HTTP Request: GET https://datasets-server.huggingface.co/info?dataset=nguha/legalbench "HTTP/1.1 200 OK"
INFO httpx: HTTP Request: HEAD https://huggingface.co/datasets/nguha/legalbench/resolve/daec8237410aa23e3faf4bc41ad8b3a7e1696826/dataset_infos.json "HTTP/1.1 404 Not Found"
INFO httpx: HTTP Request: GET https://huggingface.co/api/datasets/nguha/legalbench/tree/daec8237410aa23e3faf4bc41ad8b3a7e1696826/data%2Fpersonal_jurisdiction?recursive=false&expand=false "HTTP/1.1 200 OK"
INFO httpx: HTTP Request: HEAD https://huggingface.co/datasets/nguha/legalbench/resolve/main/README.md "HTTP/1.1 307 Temporary Redirect"
INFO httpx: HTTP Request: HEAD https://huggingface.co/api/resolve-cache/datasets/nguha/legalbench/daec8237410aa23e3faf4bc41ad8b3a7e1696826/README.md?%2Fdatasets%2Fnguha%2Flegalbench%2Fresolve%2Fmain%2FREADME.md=&etag=%229eceed7949ad880f7bfd78b50a27a6a98d22ba4b%22 "HTTP/1.1 200 OK"
INFO httpx: HTTP Request: HEAD https://huggingface.co/datasets/nguha/legalbench/resolve/daec8237410aa23e3faf4bc41ad8b3a7e1696826/legalbench.py "HTTP/1.1 404 Not Found"
INFO httpx: HTTP Request: HEAD https://s3.amazonaws.com/datasets.huggingface.co/datasets/datasets/nguha/legalbench/nguha/legalbench.py "HTTP/1.1 404 Not Found"
INFO httpx: HTTP Request: HEAD https://huggingface.co/datasets/nguha/legalbench/resolve/daec8237410aa23e3faf4bc41ad8b3a7e1696826/.huggingface.yaml "HTTP/1.1 404 Not Found"
INFO httpx: HTTP Request: GET https://datasets-server.huggingface.co/info?dataset=nguha/legalbench "HTTP/1.1 200 OK"
INFO httpx: HTTP Request: HEAD https://huggingface.co/datasets/nguha/legalbench/resolve/daec8237410aa23e3faf4bc41ad8b3a7e1696826/dataset_infos.json "HTTP/1.1 404 Not Found"
INFO httpx: HTTP Request: HEAD https://huggingface.co/datasets/nguha/legalbench/resolve/main/README.md "HTTP/1.1 307 Temporary Redirect"
INFO httpx: HTTP Request: HEAD https://huggingface.co/api/resolve-cache/datasets/nguha/legalbench/daec8237410aa23e3faf4bc41ad8b3a7e1696826/README.md?%2Fdatasets%2Fnguha%2Flegalbench%2Fresolve%2Fmain%2FREADME.md=&etag=%229eceed7949ad880f7bfd78b50a27a6a98d22ba4b%22 "HTTP/1.1 200 OK"
INFO httpx: HTTP Request: HEAD https://huggingface.co/datasets/nguha/legalbench/resolve/daec8237410aa23e3faf4bc41ad8b3a7e1696826/legalbench.py "HTTP/1.1 404 Not Found"
INFO httpx: HTTP Request: HEAD https://s3.amazonaws.com/datasets.huggingface.co/datasets/datasets/nguha/legalbench/nguha/legalbench.py "HTTP/1.1 404 Not Found"
INFO httpx: HTTP Request: HEAD https://huggingface.co/datasets/nguha/legalbench/resolve/daec8237410aa23e3faf4bc41ad8b3a7e1696826/.huggingface.yaml "HTTP/1.1 404 Not Found"
INFO httpx: HTTP Request: GET https://datasets-server.huggingface.co/info?dataset=nguha/legalbench "HTTP/1.1 200 OK"
INFO httpx: HTTP Request: HEAD https://huggingface.co/datasets/nguha/legalbench/resolve/daec8237410aa23e3faf4bc41ad8b3a7e1696826/dataset_infos.json "HTTP/1.1 404 Not Found"
INFO httpx: HTTP Request: GET https://huggingface.co/api/datasets/nguha/legalbench/tree/daec8237410aa23e3faf4bc41ad8b3a7e1696826/data%2Fdiversity_1?recursive=false&expand=false "HTTP/1.1 200 OK"
INFO httpx: HTTP Request: HEAD https://huggingface.co/datasets/nguha/legalbench/resolve/main/README.md "HTTP/1.1 307 Temporary Redirect"
INFO httpx: HTTP Request: HEAD https://huggingface.co/api/resolve-cache/datasets/nguha/legalbench/daec8237410aa23e3faf4bc41ad8b3a7e1696826/README.md?%2Fdatasets%2Fnguha%2Flegalbench%2Fresolve%2Fmain%2FREADME.md=&etag=%229eceed7949ad880f7bfd78b50a27a6a98d22ba4b%22 "HTTP/1.1 200 OK"
INFO httpx: HTTP Request: HEAD https://huggingface.co/datasets/nguha/legalbench/resolve/daec8237410aa23e3faf4bc41ad8b3a7e1696826/legalbench.py "HTTP/1.1 404 Not Found"
INFO httpx: HTTP Request: HEAD https://s3.amazonaws.com/datasets.huggingface.co/datasets/datasets/nguha/legalbench/nguha/legalbench.py "HTTP/1.1 404 Not Found"
INFO httpx: HTTP Request: HEAD https://huggingface.co/datasets/nguha/legalbench/resolve/daec8237410aa23e3faf4bc41ad8b3a7e1696826/.huggingface.yaml "HTTP/1.1 404 Not Found"
INFO httpx: HTTP Request: GET https://datasets-server.huggingface.co/info?dataset=nguha/legalbench "HTTP/1.1 200 OK"
INFO httpx: HTTP Request: HEAD https://huggingface.co/datasets/nguha/legalbench/resolve/daec8237410aa23e3faf4bc41ad8b3a7e1696826/dataset_infos.json "HTTP/1.1 404 Not Found"
INFO httpx: HTTP Request: GET https://huggingface.co/api/datasets/nguha/legalbench/tree/daec8237410aa23e3faf4bc41ad8b3a7e1696826/data%2Fdiversity_2?recursive=false&expand=false "HTTP/1.1 200 OK"
INFO httpx: HTTP Request: HEAD https://huggingface.co/datasets/nguha/legalbench/resolve/main/README.md "HTTP/1.1 307 Temporary Redirect"
INFO httpx: HTTP Request: HEAD https://huggingface.co/api/resolve-cache/datasets/nguha/legalbench/daec8237410aa23e3faf4bc41ad8b3a7e1696826/README.md?%2Fdatasets%2Fnguha%2Flegalbench%2Fresolve%2Fmain%2FREADME.md=&etag=%229eceed7949ad880f7bfd78b50a27a6a98d22ba4b%22 "HTTP/1.1 200 OK"
INFO httpx: HTTP Request: HEAD https://huggingface.co/datasets/nguha/legalbench/resolve/daec8237410aa23e3faf4bc41ad8b3a7e1696826/legalbench.py "HTTP/1.1 404 Not Found"
INFO httpx: HTTP Request: HEAD https://s3.amazonaws.com/datasets.huggingface.co/datasets/datasets/nguha/legalbench/nguha/legalbench.py "HTTP/1.1 404 Not Found"
INFO httpx: HTTP Request: HEAD https://huggingface.co/datasets/nguha/legalbench/resolve/daec8237410aa23e3faf4bc41ad8b3a7e1696826/.huggingface.yaml "HTTP/1.1 404 Not Found"
INFO httpx: HTTP Request: GET https://datasets-server.huggingface.co/info?dataset=nguha/legalbench "HTTP/1.1 200 OK"
INFO httpx: HTTP Request: HEAD https://huggingface.co/datasets/nguha/legalbench/resolve/daec8237410aa23e3faf4bc41ad8b3a7e1696826/dataset_infos.json "HTTP/1.1 404 Not Found"
INFO httpx: HTTP Request: GET https://huggingface.co/api/datasets/nguha/legalbench/tree/daec8237410aa23e3faf4bc41ad8b3a7e1696826/data%2Fdiversity_3?recursive=false&expand=false "HTTP/1.1 200 OK"
INFO httpx: HTTP Request: HEAD https://huggingface.co/datasets/nguha/legalbench/resolve/main/README.md "HTTP/1.1 307 Temporary Redirect"
INFO httpx: HTTP Request: HEAD https://huggingface.co/api/resolve-cache/datasets/nguha/legalbench/daec8237410aa23e3faf4bc41ad8b3a7e1696826/README.md?%2Fdatasets%2Fnguha%2Flegalbench%2Fresolve%2Fmain%2FREADME.md=&etag=%229eceed7949ad880f7bfd78b50a27a6a98d22ba4b%22 "HTTP/1.1 200 OK"
INFO httpx: HTTP Request: HEAD https://huggingface.co/datasets/nguha/legalbench/resolve/daec8237410aa23e3faf4bc41ad8b3a7e1696826/legalbench.py "HTTP/1.1 404 Not Found"
INFO httpx: HTTP Request: HEAD https://s3.amazonaws.com/datasets.huggingface.co/datasets/datasets/nguha/legalbench/nguha/legalbench.py "HTTP/1.1 404 Not Found"
INFO httpx: HTTP Request: HEAD https://huggingface.co/datasets/nguha/legalbench/resolve/daec8237410aa23e3faf4bc41ad8b3a7e1696826/.huggingface.yaml "HTTP/1.1 404 Not Found"
INFO httpx: HTTP Request: GET https://datasets-server.huggingface.co/info?dataset=nguha/legalbench "HTTP/1.1 200 OK"
INFO httpx: HTTP Request: HEAD https://huggingface.co/datasets/nguha/legalbench/resolve/daec8237410aa23e3faf4bc41ad8b3a7e1696826/dataset_infos.json "HTTP/1.1 404 Not Found"
INFO httpx: HTTP Request: GET https://huggingface.co/api/datasets/nguha/legalbench/tree/daec8237410aa23e3faf4bc41ad8b3a7e1696826/data%2Fdiversity_4?recursive=false&expand=false "HTTP/1.1 200 OK"
INFO httpx: HTTP Request: HEAD https://huggingface.co/datasets/nguha/legalbench/resolve/main/README.md "HTTP/1.1 307 Temporary Redirect"
INFO httpx: HTTP Request: HEAD https://huggingface.co/api/resolve-cache/datasets/nguha/legalbench/daec8237410aa23e3faf4bc41ad8b3a7e1696826/README.md?%2Fdatasets%2Fnguha%2Flegalbench%2Fresolve%2Fmain%2FREADME.md=&etag=%229eceed7949ad880f7bfd78b50a27a6a98d22ba4b%22 "HTTP/1.1 200 OK"
INFO httpx: HTTP Request: HEAD https://huggingface.co/datasets/nguha/legalbench/resolve/daec8237410aa23e3faf4bc41ad8b3a7e1696826/legalbench.py "HTTP/1.1 404 Not Found"
INFO httpx: HTTP Request: HEAD https://s3.amazonaws.com/datasets.huggingface.co/datasets/datasets/nguha/legalbench/nguha/legalbench.py "HTTP/1.1 404 Not Found"
INFO httpx: HTTP Request: HEAD https://huggingface.co/datasets/nguha/legalbench/resolve/daec8237410aa23e3faf4bc41ad8b3a7e1696826/.huggingface.yaml "HTTP/1.1 404 Not Found"
INFO httpx: HTTP Request: GET https://datasets-server.huggingface.co/info?dataset=nguha/legalbench "HTTP/1.1 200 OK"
INFO httpx: HTTP Request: HEAD https://huggingface.co/datasets/nguha/legalbench/resolve/daec8237410aa23e3faf4bc41ad8b3a7e1696826/dataset_infos.json "HTTP/1.1 404 Not Found"
INFO httpx: HTTP Request: GET https://huggingface.co/api/datasets/nguha/legalbench/tree/daec8237410aa23e3faf4bc41ad8b3a7e1696826/data%2Fdiversity_5?recursive=false&expand=false "HTTP/1.1 200 OK"
INFO httpx: HTTP Request: HEAD https://huggingface.co/datasets/nguha/legalbench/resolve/main/README.md "HTTP/1.1 307 Temporary Redirect"
INFO httpx: HTTP Request: HEAD https://huggingface.co/api/resolve-cache/datasets/nguha/legalbench/daec8237410aa23e3faf4bc41ad8b3a7e1696826/README.md?%2Fdatasets%2Fnguha%2Flegalbench%2Fresolve%2Fmain%2FREADME.md=&etag=%229eceed7949ad880f7bfd78b50a27a6a98d22ba4b%22 "HTTP/1.1 200 OK"
INFO httpx: HTTP Request: HEAD https://huggingface.co/datasets/nguha/legalbench/resolve/daec8237410aa23e3faf4bc41ad8b3a7e1696826/legalbench.py "HTTP/1.1 404 Not Found"
INFO httpx: HTTP Request: HEAD https://s3.amazonaws.com/datasets.huggingface.co/datasets/datasets/nguha/legalbench/nguha/legalbench.py "HTTP/1.1 404 Not Found"
INFO httpx: HTTP Request: HEAD https://huggingface.co/datasets/nguha/legalbench/resolve/daec8237410aa23e3faf4bc41ad8b3a7e1696826/.huggingface.yaml "HTTP/1.1 404 Not Found"
INFO httpx: HTTP Request: GET https://datasets-server.huggingface.co/info?dataset=nguha/legalbench "HTTP/1.1 200 OK"
INFO httpx: HTTP Request: HEAD https://huggingface.co/datasets/nguha/legalbench/resolve/daec8237410aa23e3faf4bc41ad8b3a7e1696826/dataset_infos.json "HTTP/1.1 404 Not Found"
INFO httpx: HTTP Request: GET https://huggingface.co/api/datasets/nguha/legalbench/tree/daec8237410aa23e3faf4bc41ad8b3a7e1696826/data%2Fdiversity_6?recursive=false&expand=false "HTTP/1.1 200 OK"
Wrote 185 task x candidate rows.
  tasks_csv: /Users/vasyl/zadumai/legalbench_map/results/tasks.csv
  summary_md: /Users/vasyl/zadumai/legalbench_map/results/summary.md
  chart_png: /Users/vasyl/zadumai/legalbench_map/results/chart_llm_share.png
  per_class: [PosixPath('/Users/vasyl/zadumai/legalbench_map/results/per_class/abercrombie.csv'), PosixPath('/Users/vasyl/zadumai/legalbench_map/results/per_class/cuad_anti-assignment.csv'), PosixPath('/Users/vasyl/zadumai/legalbench_map/results/per_class/cuad_audit_rights.csv'), PosixPath('/Users/vasyl/zadumai/legalbench_map/results/per_class/cuad_cap_on_liability.csv'), PosixPath('/Users/vasyl/zadumai/legalbench_map/results/per_class/cuad_change_of_control.csv'), PosixPath('/Users/vasyl/zadumai/legalbench_map/results/per_class/cuad_covenant_not_to_sue.csv'), PosixPath('/Users/vasyl/zadumai/legalbench_map/results/per_class/cuad_exclusivity.csv'), PosixPath('/Users/vasyl/zadumai/legalbench_map/results/per_class/cuad_expiration_date.csv'), PosixPath('/Users/vasyl/zadumai/legalbench_map/results/per_class/diversity_1.csv'), PosixPath('/Users/vasyl/zadumai/legalbench_map/results/per_class/diversity_2.csv'), PosixPath('/Users/vasyl/zadumai/legalbench_map/results/per_class/diversity_3.csv'), PosixPath('/Users/vasyl/zadumai/legalbench_map/results/per_class/diversity_4.csv'), PosixPath('/Users/vasyl/zadumai/legalbench_map/results/per_class/diversity_5.csv'), PosixPath('/Users/vasyl/zadumai/legalbench_map/results/per_class/diversity_6.csv'), PosixPath('/Users/vasyl/zadumai/legalbench_map/results/per_class/hearsay.csv'), PosixPath('/Users/vasyl/zadumai/legalbench_map/results/per_class/learned_hands_consumer.csv'), PosixPath('/Users/vasyl/zadumai/legalbench_map/results/per_class/learned_hands_crime.csv'), PosixPath('/Users/vasyl/zadumai/legalbench_map/results/per_class/learned_hands_employment.csv'), PosixPath('/Users/vasyl/zadumai/legalbench_map/results/per_class/learned_hands_family.csv'), PosixPath('/Users/vasyl/zadumai/legalbench_map/results/per_class/learned_hands_housing.csv'), PosixPath('/Users/vasyl/zadumai/legalbench_map/results/per_class/learned_hands_torts.csv'), PosixPath('/Users/vasyl/zadumai/legalbench_map/results/per_class/opp115_data_retention.csv'), PosixPath('/Users/vasyl/zadumai/legalbench_map/results/per_class/opp115_data_security.csv'), PosixPath('/Users/vasyl/zadumai/legalbench_map/results/per_class/opp115_first_party_collection_use.csv'), PosixPath('/Users/vasyl/zadumai/legalbench_map/results/per_class/opp115_international_and_specific_audiences.csv'), PosixPath('/Users/vasyl/zadumai/legalbench_map/results/per_class/opp115_policy_change.csv'), PosixPath('/Users/vasyl/zadumai/legalbench_map/results/per_class/opp115_third_party_sharing_collection.csv'), PosixPath('/Users/vasyl/zadumai/legalbench_map/results/per_class/opp115_user_access,_edit_and_deletion.csv'), PosixPath('/Users/vasyl/zadumai/legalbench_map/results/per_class/overruling.csv'), PosixPath('/Users/vasyl/zadumai/legalbench_map/results/per_class/personal_jurisdiction.csv'), PosixPath('/Users/vasyl/zadumai/legalbench_map/results/per_class/supply_chain_disclosure_best_practice_accountability.csv'), PosixPath('/Users/vasyl/zadumai/legalbench_map/results/per_class/supply_chain_disclosure_best_practice_audits.csv'), PosixPath('/Users/vasyl/zadumai/legalbench_map/results/per_class/supply_chain_disclosure_best_practice_certification.csv'), PosixPath('/Users/vasyl/zadumai/legalbench_map/results/per_class/supply_chain_disclosure_best_practice_training.csv'), PosixPath('/Users/vasyl/zadumai/legalbench_map/results/per_class/supply_chain_disclosure_best_practice_verification.csv'), PosixPath('/Users/vasyl/zadumai/legalbench_map/results/per_class/supply_chain_disclosure_disclosed_accountability.csv'), PosixPath('/Users/vasyl/zadumai/legalbench_map/results/per_class/unfair_tos.csv')]
  configs: [PosixPath('/Users/vasyl/zadumai/legalbench_map/results/configs/abercrombie.json'), PosixPath('/Users/vasyl/zadumai/legalbench_map/results/configs/cuad_anti-assignment.json'), PosixPath('/Users/vasyl/zadumai/legalbench_map/results/configs/cuad_audit_rights.json'), PosixPath('/Users/vasyl/zadumai/legalbench_map/results/configs/cuad_cap_on_liability.json'), PosixPath('/Users/vasyl/zadumai/legalbench_map/results/configs/cuad_change_of_control.json'), PosixPath('/Users/vasyl/zadumai/legalbench_map/results/configs/cuad_covenant_not_to_sue.json'), PosixPath('/Users/vasyl/zadumai/legalbench_map/results/configs/cuad_exclusivity.json'), PosixPath('/Users/vasyl/zadumai/legalbench_map/results/configs/cuad_expiration_date.json'), PosixPath('/Users/vasyl/zadumai/legalbench_map/results/configs/diversity_1.json'), PosixPath('/Users/vasyl/zadumai/legalbench_map/results/configs/diversity_2.json'), PosixPath('/Users/vasyl/zadumai/legalbench_map/results/configs/diversity_3.json'), PosixPath('/Users/vasyl/zadumai/legalbench_map/results/configs/diversity_4.json'), PosixPath('/Users/vasyl/zadumai/legalbench_map/results/configs/diversity_5.json'), PosixPath('/Users/vasyl/zadumai/legalbench_map/results/configs/diversity_6.json'), PosixPath('/Users/vasyl/zadumai/legalbench_map/results/configs/hearsay.json'), PosixPath('/Users/vasyl/zadumai/legalbench_map/results/configs/learned_hands_consumer.json'), PosixPath('/Users/vasyl/zadumai/legalbench_map/results/configs/learned_hands_crime.json'), PosixPath('/Users/vasyl/zadumai/legalbench_map/results/configs/learned_hands_employment.json'), PosixPath('/Users/vasyl/zadumai/legalbench_map/results/configs/learned_hands_family.json'), PosixPath('/Users/vasyl/zadumai/legalbench_map/results/configs/learned_hands_housing.json'), PosixPath('/Users/vasyl/zadumai/legalbench_map/results/configs/learned_hands_torts.json'), PosixPath('/Users/vasyl/zadumai/legalbench_map/results/configs/opp115_data_retention.json'), PosixPath('/Users/vasyl/zadumai/legalbench_map/results/configs/opp115_data_security.json'), PosixPath('/Users/vasyl/zadumai/legalbench_map/results/configs/opp115_first_party_collection_use.json'), PosixPath('/Users/vasyl/zadumai/legalbench_map/results/configs/opp115_international_and_specific_audiences.json'), PosixPath('/Users/vasyl/zadumai/legalbench_map/results/configs/opp115_policy_change.json'), PosixPath('/Users/vasyl/zadumai/legalbench_map/results/configs/opp115_third_party_sharing_collection.json'), PosixPath('/Users/vasyl/zadumai/legalbench_map/results/configs/opp115_user_access,_edit_and_deletion.json'), PosixPath('/Users/vasyl/zadumai/legalbench_map/results/configs/overruling.json'), PosixPath('/Users/vasyl/zadumai/legalbench_map/results/configs/personal_jurisdiction.json'), PosixPath('/Users/vasyl/zadumai/legalbench_map/results/configs/supply_chain_disclosure_best_practice_accountability.json'), PosixPath('/Users/vasyl/zadumai/legalbench_map/results/configs/supply_chain_disclosure_best_practice_audits.json'), PosixPath('/Users/vasyl/zadumai/legalbench_map/results/configs/supply_chain_disclosure_best_practice_certification.json'), PosixPath('/Users/vasyl/zadumai/legalbench_map/results/configs/supply_chain_disclosure_best_practice_training.json'), PosixPath('/Users/vasyl/zadumai/legalbench_map/results/configs/supply_chain_disclosure_best_practice_verification.json'), PosixPath('/Users/vasyl/zadumai/legalbench_map/results/configs/supply_chain_disclosure_disclosed_accountability.json'), PosixPath('/Users/vasyl/zadumai/legalbench_map/results/configs/unfair_tos.json')]
  run_errors.log: /Users/vasyl/zadumai/legalbench_map/results/run_errors.log
