WARNING legalbench_map.cli: candidate module /Users/vasyl/zadumai/legalbench_map/candidates/_embed_common.py exposes neither CANDIDATES nor NAME+fit_predict_proba -- skipping
INFO httpx: HTTP Request: HEAD https://huggingface.co/datasets/nguha/legalbench/resolve/main/README.md "HTTP/1.1 307 Temporary Redirect"
INFO httpx: HTTP Request: HEAD https://huggingface.co/api/resolve-cache/datasets/nguha/legalbench/daec8237410aa23e3faf4bc41ad8b3a7e1696826/README.md?%2Fdatasets%2Fnguha%2Flegalbench%2Fresolve%2Fmain%2FREADME.md=&etag=%229eceed7949ad880f7bfd78b50a27a6a98d22ba4b%22 "HTTP/1.1 200 OK"
INFO httpx: HTTP Request: HEAD https://huggingface.co/datasets/nguha/legalbench/resolve/daec8237410aa23e3faf4bc41ad8b3a7e1696826/legalbench.py "HTTP/1.1 404 Not Found"
INFO httpx: HTTP Request: HEAD https://s3.amazonaws.com/datasets.huggingface.co/datasets/datasets/nguha/legalbench/nguha/legalbench.py "HTTP/1.1 404 Not Found"
INFO httpx: HTTP Request: GET https://huggingface.co/api/datasets/nguha/legalbench/revision/daec8237410aa23e3faf4bc41ad8b3a7e1696826 "HTTP/1.1 200 OK"
INFO httpx: HTTP Request: HEAD https://huggingface.co/datasets/nguha/legalbench/resolve/daec8237410aa23e3faf4bc41ad8b3a7e1696826/.huggingface.yaml "HTTP/1.1 404 Not Found"
INFO httpx: HTTP Request: GET https://datasets-server.huggingface.co/info?dataset=nguha/legalbench "HTTP/1.1 200 OK"
INFO httpx: HTTP Request: GET https://huggingface.co/api/datasets/nguha/legalbench/tree/daec8237410aa23e3faf4bc41ad8b3a7e1696826/data%2Fabercrombie?recursive=false&expand=false "HTTP/1.1 200 OK"
INFO httpx: HTTP Request: HEAD https://huggingface.co/datasets/nguha/legalbench/resolve/daec8237410aa23e3faf4bc41ad8b3a7e1696826/dataset_infos.json "HTTP/1.1 404 Not Found"
INFO httpx: HTTP Request: GET https://huggingface.co/api/datasets/nguha/legalbench/tree/daec8237410aa23e3faf4bc41ad8b3a7e1696826/data%2Fopp115_data_retention?recursive=false&expand=false "HTTP/1.1 200 OK"
INFO httpx: HTTP Request: HEAD https://huggingface.co/BAAI/bge-large-en-v1.5/resolve/main/modules.json "HTTP/1.1 307 Temporary Redirect"
INFO httpx: HTTP Request: HEAD https://huggingface.co/api/resolve-cache/models/BAAI/bge-large-en-v1.5/d4aa6901d3a41ba39fb536a557fa166f842b0e09/modules.json?%2FBAAI%2Fbge-large-en-v1.5%2Fresolve%2Fmain%2Fmodules.json=&etag=%22952a9b81c0bfd99800fabf352f69c7ccd46c5e43%22 "HTTP/1.1 200 OK"
INFO httpx: HTTP Request: HEAD https://huggingface.co/BAAI/bge-large-en-v1.5/resolve/main/config_sentence_transformers.json "HTTP/1.1 307 Temporary Redirect"
INFO httpx: HTTP Request: HEAD https://huggingface.co/api/resolve-cache/models/BAAI/bge-large-en-v1.5/d4aa6901d3a41ba39fb536a557fa166f842b0e09/config_sentence_transformers.json?%2FBAAI%2Fbge-large-en-v1.5%2Fresolve%2Fmain%2Fconfig_sentence_transformers.json=&etag=%22dcb0c0d97d09b930d13600b1a773ddb27e441aab%22 "HTTP/1.1 200 OK"
INFO sentence_transformers.base.model: Loading SentenceTransformer model from BAAI/bge-large-en-v1.5.
INFO httpx: HTTP Request: HEAD https://huggingface.co/BAAI/bge-large-en-v1.5/resolve/main/config_sentence_transformers.json "HTTP/1.1 307 Temporary Redirect"
INFO httpx: HTTP Request: HEAD https://huggingface.co/api/resolve-cache/models/BAAI/bge-large-en-v1.5/d4aa6901d3a41ba39fb536a557fa166f842b0e09/config_sentence_transformers.json?%2FBAAI%2Fbge-large-en-v1.5%2Fresolve%2Fmain%2Fconfig_sentence_transformers.json=&etag=%22dcb0c0d97d09b930d13600b1a773ddb27e441aab%22 "HTTP/1.1 200 OK"
INFO httpx: HTTP Request: HEAD https://huggingface.co/BAAI/bge-large-en-v1.5/resolve/main/README.md "HTTP/1.1 307 Temporary Redirect"
INFO httpx: HTTP Request: HEAD https://huggingface.co/api/resolve-cache/models/BAAI/bge-large-en-v1.5/d4aa6901d3a41ba39fb536a557fa166f842b0e09/README.md?%2FBAAI%2Fbge-large-en-v1.5%2Fresolve%2Fmain%2FREADME.md=&etag=%22a5e0efee2a14fa9b1fea8a3cbacdab8f153bc49f%22 "HTTP/1.1 200 OK"
INFO httpx: HTTP Request: HEAD https://huggingface.co/BAAI/bge-large-en-v1.5/resolve/main/modules.json "HTTP/1.1 307 Temporary Redirect"
INFO httpx: HTTP Request: HEAD https://huggingface.co/api/resolve-cache/models/BAAI/bge-large-en-v1.5/d4aa6901d3a41ba39fb536a557fa166f842b0e09/modules.json?%2FBAAI%2Fbge-large-en-v1.5%2Fresolve%2Fmain%2Fmodules.json=&etag=%22952a9b81c0bfd99800fabf352f69c7ccd46c5e43%22 "HTTP/1.1 200 OK"
INFO httpx: HTTP Request: HEAD https://huggingface.co/BAAI/bge-large-en-v1.5/resolve/main/sentence_bert_config.json "HTTP/1.1 307 Temporary Redirect"
INFO httpx: HTTP Request: HEAD https://huggingface.co/api/resolve-cache/models/BAAI/bge-large-en-v1.5/d4aa6901d3a41ba39fb536a557fa166f842b0e09/sentence_bert_config.json?%2FBAAI%2Fbge-large-en-v1.5%2Fresolve%2Fmain%2Fsentence_bert_config.json=&etag=%22ea85692bff64b0d1917833c31ddbca8ab10f5455%22 "HTTP/1.1 200 OK"
INFO httpx: HTTP Request: HEAD https://huggingface.co/BAAI/bge-large-en-v1.5/resolve/main/adapter_config.json "HTTP/1.1 404 Not Found"
INFO httpx: HTTP Request: HEAD https://huggingface.co/BAAI/bge-large-en-v1.5/resolve/main/config.json "HTTP/1.1 307 Temporary Redirect"
INFO httpx: HTTP Request: HEAD https://huggingface.co/api/resolve-cache/models/BAAI/bge-large-en-v1.5/d4aa6901d3a41ba39fb536a557fa166f842b0e09/config.json?%2FBAAI%2Fbge-large-en-v1.5%2Fresolve%2Fmain%2Fconfig.json=&etag=%22ab101ed8d012df683ef32f92cea51e97615ad07c%22 "HTTP/1.1 200 OK"
Loading weights:   0%|          | 0/391 [00:00<?, ?it/s]Loading weights: 100%|██████████| 391/391 [00:00<00:00, 8863.19it/s]
INFO httpx: HTTP Request: HEAD https://huggingface.co/BAAI/bge-large-en-v1.5/resolve/main/processor_config.json "HTTP/1.1 404 Not Found"
INFO httpx: HTTP Request: HEAD https://huggingface.co/BAAI/bge-large-en-v1.5/resolve/main/preprocessor_config.json "HTTP/1.1 404 Not Found"
INFO httpx: HTTP Request: HEAD https://huggingface.co/BAAI/bge-large-en-v1.5/resolve/main/video_preprocessor_config.json "HTTP/1.1 404 Not Found"
INFO httpx: HTTP Request: HEAD https://huggingface.co/BAAI/bge-large-en-v1.5/resolve/main/preprocessor_config.json "HTTP/1.1 404 Not Found"
INFO httpx: HTTP Request: HEAD https://huggingface.co/BAAI/bge-large-en-v1.5/resolve/main/tokenizer_config.json "HTTP/1.1 307 Temporary Redirect"
INFO httpx: HTTP Request: HEAD https://huggingface.co/api/resolve-cache/models/BAAI/bge-large-en-v1.5/d4aa6901d3a41ba39fb536a557fa166f842b0e09/tokenizer_config.json?%2FBAAI%2Fbge-large-en-v1.5%2Fresolve%2Fmain%2Ftokenizer_config.json=&etag=%2237fca74771bc76a8e01178ce3a6055a0995f8093%22 "HTTP/1.1 200 OK"
INFO httpx: HTTP Request: HEAD https://huggingface.co/BAAI/bge-large-en-v1.5/resolve/main/config.json "HTTP/1.1 307 Temporary Redirect"
INFO httpx: HTTP Request: HEAD https://huggingface.co/api/resolve-cache/models/BAAI/bge-large-en-v1.5/d4aa6901d3a41ba39fb536a557fa166f842b0e09/config.json?%2FBAAI%2Fbge-large-en-v1.5%2Fresolve%2Fmain%2Fconfig.json=&etag=%22ab101ed8d012df683ef32f92cea51e97615ad07c%22 "HTTP/1.1 200 OK"
INFO httpx: HTTP Request: HEAD https://huggingface.co/BAAI/bge-large-en-v1.5/resolve/main/config.json "HTTP/1.1 307 Temporary Redirect"
INFO httpx: HTTP Request: HEAD https://huggingface.co/api/resolve-cache/models/BAAI/bge-large-en-v1.5/d4aa6901d3a41ba39fb536a557fa166f842b0e09/config.json?%2FBAAI%2Fbge-large-en-v1.5%2Fresolve%2Fmain%2Fconfig.json=&etag=%22ab101ed8d012df683ef32f92cea51e97615ad07c%22 "HTTP/1.1 200 OK"
INFO httpx: HTTP Request: HEAD https://huggingface.co/BAAI/bge-large-en-v1.5/resolve/main/tokenizer_config.json "HTTP/1.1 307 Temporary Redirect"
INFO httpx: HTTP Request: HEAD https://huggingface.co/api/resolve-cache/models/BAAI/bge-large-en-v1.5/d4aa6901d3a41ba39fb536a557fa166f842b0e09/tokenizer_config.json?%2FBAAI%2Fbge-large-en-v1.5%2Fresolve%2Fmain%2Ftokenizer_config.json=&etag=%2237fca74771bc76a8e01178ce3a6055a0995f8093%22 "HTTP/1.1 200 OK"
INFO httpx: HTTP Request: GET https://huggingface.co/api/models/BAAI/bge-large-en-v1.5/tree/main/additional_chat_templates?recursive=false&expand=false "HTTP/1.1 404 Not Found"
INFO httpx: HTTP Request: GET https://huggingface.co/api/models/BAAI/bge-large-en-v1.5/tree/main?recursive=true&expand=false "HTTP/1.1 200 OK"
INFO httpx: HTTP Request: HEAD https://huggingface.co/BAAI/bge-large-en-v1.5/resolve/main/1_Pooling/config.json "HTTP/1.1 307 Temporary Redirect"
INFO httpx: HTTP Request: HEAD https://huggingface.co/api/resolve-cache/models/BAAI/bge-large-en-v1.5/d4aa6901d3a41ba39fb536a557fa166f842b0e09/1_Pooling%2Fconfig.json?%2FBAAI%2Fbge-large-en-v1.5%2Fresolve%2Fmain%2F1_Pooling%2Fconfig.json=&etag=%229bd85925f325e25246d94c4918dc02ab98f2a1b7%22 "HTTP/1.1 200 OK"
INFO httpx: HTTP Request: HEAD https://huggingface.co/BAAI/bge-large-en-v1.5/resolve/main/2_Normalize/config.json "HTTP/1.1 404 Not Found"
INFO httpx: HTTP Request: GET https://huggingface.co/api/models/BAAI/bge-large-en-v1.5 "HTTP/1.1 200 OK"
INFO httpx: HTTP Request: HEAD https://huggingface.co/datasets/nguha/legalbench/resolve/main/README.md "HTTP/1.1 307 Temporary Redirect"
INFO httpx: HTTP Request: HEAD https://huggingface.co/api/resolve-cache/datasets/nguha/legalbench/daec8237410aa23e3faf4bc41ad8b3a7e1696826/README.md?%2Fdatasets%2Fnguha%2Flegalbench%2Fresolve%2Fmain%2FREADME.md=&etag=%229eceed7949ad880f7bfd78b50a27a6a98d22ba4b%22 "HTTP/1.1 200 OK"
INFO httpx: HTTP Request: HEAD https://huggingface.co/datasets/nguha/legalbench/resolve/daec8237410aa23e3faf4bc41ad8b3a7e1696826/legalbench.py "HTTP/1.1 404 Not Found"
INFO httpx: HTTP Request: HEAD https://s3.amazonaws.com/datasets.huggingface.co/datasets/datasets/nguha/legalbench/nguha/legalbench.py "HTTP/1.1 404 Not Found"
INFO httpx: HTTP Request: HEAD https://huggingface.co/datasets/nguha/legalbench/resolve/daec8237410aa23e3faf4bc41ad8b3a7e1696826/.huggingface.yaml "HTTP/1.1 404 Not Found"
INFO httpx: HTTP Request: GET https://datasets-server.huggingface.co/info?dataset=nguha/legalbench "HTTP/1.1 200 OK"
INFO httpx: HTTP Request: HEAD https://huggingface.co/datasets/nguha/legalbench/resolve/daec8237410aa23e3faf4bc41ad8b3a7e1696826/dataset_infos.json "HTTP/1.1 404 Not Found"
INFO httpx: HTTP Request: GET https://huggingface.co/api/datasets/nguha/legalbench/tree/daec8237410aa23e3faf4bc41ad8b3a7e1696826/data%2Flearned_hands_consumer?recursive=false&expand=false "HTTP/1.1 200 OK"
INFO httpx: HTTP Request: HEAD https://huggingface.co/datasets/nguha/legalbench/resolve/main/README.md "HTTP/1.1 307 Temporary Redirect"
INFO httpx: HTTP Request: HEAD https://huggingface.co/api/resolve-cache/datasets/nguha/legalbench/daec8237410aa23e3faf4bc41ad8b3a7e1696826/README.md?%2Fdatasets%2Fnguha%2Flegalbench%2Fresolve%2Fmain%2FREADME.md=&etag=%229eceed7949ad880f7bfd78b50a27a6a98d22ba4b%22 "HTTP/1.1 200 OK"
INFO httpx: HTTP Request: HEAD https://huggingface.co/datasets/nguha/legalbench/resolve/daec8237410aa23e3faf4bc41ad8b3a7e1696826/legalbench.py "HTTP/1.1 404 Not Found"
INFO httpx: HTTP Request: HEAD https://s3.amazonaws.com/datasets.huggingface.co/datasets/datasets/nguha/legalbench/nguha/legalbench.py "HTTP/1.1 404 Not Found"
INFO httpx: HTTP Request: HEAD https://huggingface.co/datasets/nguha/legalbench/resolve/daec8237410aa23e3faf4bc41ad8b3a7e1696826/.huggingface.yaml "HTTP/1.1 404 Not Found"
INFO httpx: HTTP Request: GET https://datasets-server.huggingface.co/info?dataset=nguha/legalbench "HTTP/1.1 200 OK"
INFO httpx: HTTP Request: HEAD https://huggingface.co/datasets/nguha/legalbench/resolve/daec8237410aa23e3faf4bc41ad8b3a7e1696826/dataset_infos.json "HTTP/1.1 404 Not Found"
INFO httpx: HTTP Request: GET https://huggingface.co/api/datasets/nguha/legalbench/tree/daec8237410aa23e3faf4bc41ad8b3a7e1696826/data%2Fsupply_chain_disclosure_best_practice_audits?recursive=false&expand=false "HTTP/1.1 200 OK"
Wrote 3 task x candidate rows.
  tasks_csv: results_cheap_v2_large/tasks.csv
  summary_md: results_cheap_v2_large/summary.md
  chart_png: results_cheap_v2_large/chart_llm_share.png
  per_class: [PosixPath('results_cheap_v2_large/per_class/learned_hands_consumer.csv'), PosixPath('results_cheap_v2_large/per_class/opp115_data_retention.csv'), PosixPath('results_cheap_v2_large/per_class/supply_chain_disclosure_best_practice_audits.csv')]
  configs: [PosixPath('results_cheap_v2_large/configs/learned_hands_consumer.json'), PosixPath('results_cheap_v2_large/configs/opp115_data_retention.json'), PosixPath('results_cheap_v2_large/configs/supply_chain_disclosure_best_practice_audits.json')]
  per_item: [PosixPath('results_cheap_v2_large/per_item/learned_hands_consumer__embed_large_logreg.csv'), PosixPath('results_cheap_v2_large/per_item/opp115_data_retention__embed_large_logreg.csv'), PosixPath('results_cheap_v2_large/per_item/supply_chain_disclosure_best_practice_audits__embed_large_logreg.csv')]
  run_errors.log: results_cheap_v2_large/run_errors.log
